Part 1. Numerical Jacobian vs closed-form spectrum
   N  k  eps |  Omega_k RE resid | #Re>0     max Re | max |num-formula|
  60  2  0.1 |  +0.0000  6.1e-17 |     0 +3.400e-16 |           7.0e-11
  60  3  0.1 |  +0.0499  1.1e-16 |     0 +1.321e-10 |           4.3e-10
  60  4  0.1 |  +0.0500  5.6e-17 |     1 +2.496e-03 |           5.5e-10
  60  5  0.1 |  +0.0499  5.6e-17 |   114 +1.870e-03 |           2.4e-10
  60  6  0.1 |  +0.0499  5.6e-17 |     3 +3.738e-03 |           6.4e-10
  60  2  0.3 |  +0.0000  6.1e-17 |     0 +2.257e-15 |           7.0e-11
  60  3  0.3 |  +0.1483  2.2e-16 |     0 +1.700e-16 |           6.2e-10
  60  4  0.3 |  +0.1489  8.3e-17 |     1 +2.217e-02 |           4.8e-10
  60  5  0.3 |  +0.1483  8.3e-17 |   114 +1.651e-02 |           3.6e-10
  60  6  0.3 |  +0.1483  1.4e-16 |     3 +3.282e-02 |           3.5e-10
  60  2  0.6 |  +0.0000  6.1e-17 |     0 +8.795e-15 |           7.0e-11
  60  3  0.6 |  +0.2872  1.7e-16 |     0 +9.974e-10 |           1.0e-09
  60  4  0.6 |  +0.2913  1.1e-16 |     1 +8.486e-02 |           5.5e-10
  60  5  0.6 |  +0.2873  1.7e-16 |   114 +6.205e-02 |           4.2e-10
  60  6  0.6 |  +0.2872  1.7e-16 |     3 +1.211e-01 |           4.5e-10
  60  2  1.0 |  +0.0000  6.1e-17 |     0 +2.431e-14 |           7.0e-11
  60  3  1.0 |  +0.4462  2.8e-16 |     0 -2.080e-14 |           8.2e-10
  60  4  1.0 |  +0.4621  5.6e-17 |     1 +2.136e-01 |           7.6e-10
  60  5  1.0 |  +0.4464  5.6e-17 |   114 +1.506e-01 |           7.2e-10
  60  6  1.0 |  +0.4462  2.8e-16 |     3 +2.813e-01 |           5.4e-10

 120  2  0.1 |  +0.0000  6.1e-17 |     0 +1.721e-16 |           7.0e-11
 120  3  0.1 |  +0.0499  1.5e-16 |     0 +1.531e-10 |           1.1e-09
 120  4  0.1 |  +0.0500  8.3e-17 |     1 +2.496e-03 |           1.6e-09
 120  5  0.1 |  +0.0499  4.9e-17 |   234 +1.870e-03 |           1.0e-09
 120  6  0.1 |  +0.0499  9.0e-17 |     3 +3.738e-03 |           1.3e-09
 120  2  0.3 |  +0.0000  6.1e-17 |     0 +1.194e-15 |           7.0e-11
 120  3  0.3 |  +0.1483  1.1e-16 |     0 -5.204e-17 |           1.3e-09
 120  4  0.3 |  +0.1489  8.3e-17 |     1 +2.217e-02 |           1.1e-09
 120  5  0.3 |  +0.1483  8.3e-17 |   234 +1.651e-02 |           8.2e-10
 120  6  0.3 |  +0.1483  8.3e-17 |     3 +3.282e-02 |           1.5e-09
 120  2  0.6 |  +0.0000  6.1e-17 |     0 +4.431e-15 |           7.0e-11
 120  3  0.6 |  +0.2872  2.8e-16 |     0 +1.628e-09 |           1.6e-09
 120  4  0.6 |  +0.2913  5.6e-17 |     1 +8.486e-02 |           1.7e-09
 120  5  0.6 |  +0.2873  1.1e-16 |   234 +6.205e-02 |           1.2e-09
 120  6  0.6 |  +0.2872  2.2e-16 |     3 +1.211e-01 |           2.0e-09
 120  2  1.0 |  +0.0000  6.1e-17 |     0 +1.242e-14 |           7.0e-11
 120  3  1.0 |  +0.4462  2.8e-16 |     0 +3.303e-09 |           3.3e-09
 120  4  1.0 |  +0.4621  1.1e-16 |     1 +2.136e-01 |           1.7e-09
 120  5  1.0 |  +0.4464  1.7e-16 |   234 +1.506e-01 |           2.8e-09
 120  6  1.0 |  +0.4462  2.2e-16 |     3 +2.813e-01 |           2.1e-09

Part 2. Closed-form rates for the triangle (k = 3), all must be < 0 except phase and tilt
eps=0.1: Omega_3=0.0499  in-plane within-cluster=-0.0037  out-of-plane within-cluster=-0.0012 (formula (1-C)/(1+2C)=-0.0012)  centres: Re nu_1=-0.5019, mu_0=-1.0012, tilt mu_(+-1)=+0.0000+0.0499j
eps=0.3: Omega_3=0.1483  in-plane within-cluster=-0.0328  out-of-plane within-cluster=-0.0111 (formula (1-C)/(1+2C)=-0.0111)  centres: Re nu_1=-0.5164, mu_0=-1.0111, tilt mu_(+-1)=+0.0000+0.1483j
eps=0.6: Omega_3=0.2872  in-plane within-cluster=-0.1211  out-of-plane within-cluster=-0.0421 (formula (1-C)/(1+2C)=-0.0421)  centres: Re nu_1=-0.5605, mu_0=-1.0421, tilt mu_(+-1)=+0.0000+0.2872j
eps=1.0: Omega_3=0.4462  in-plane within-cluster=-0.2813  out-of-plane within-cluster=-0.1051 (formula (1-C)/(1+2C)=-0.1051)  centres: Re nu_1=-0.6406, mu_0=-1.1051, tilt mu_(+-1)=+0.0000+0.4462j

Part 3. k >= 4: growing out-of-plane mode q = 2 vs eps^2/8 (eps^2/4 for k = 4)
k=4: eps=0.05: Re mu_2=6.247e-04 pred=6.250e-04 ratio=0.9996 | eps=0.1: Re mu_2=2.496e-03 pred=2.500e-03 ratio=0.9983 | eps=0.2: Re mu_2=9.934e-03 pred=1.000e-02 ratio=0.9934
k=5: eps=0.05: Re mu_2=3.124e-04 pred=3.125e-04 ratio=0.9996 | eps=0.1: Re mu_2=1.248e-03 pred=1.250e-03 ratio=0.9985 | eps=0.2: Re mu_2=4.971e-03 pred=5.000e-03 ratio=0.9942
k=6: eps=0.05: Re mu_2=3.124e-04 pred=3.125e-04 ratio=0.9995 | eps=0.1: Re mu_2=1.248e-03 pred=1.250e-03 ratio=0.9981 | eps=0.2: Re mu_2=4.963e-03 pred=5.000e-03 ratio=0.9926
k=7: eps=0.05: Re mu_2=3.124e-04 pred=3.125e-04 ratio=0.9996 | eps=0.1: Re mu_2=1.248e-03 pred=1.250e-03 ratio=0.9983 | eps=0.2: Re mu_2=4.967e-03 pred=5.000e-03 ratio=0.9934
k=8: eps=0.05: Re mu_2=3.124e-04 pred=3.125e-04 ratio=0.9996 | eps=0.1: Re mu_2=1.248e-03 pred=1.250e-03 ratio=0.9983 | eps=0.2: Re mu_2=4.967e-03 pred=5.000e-03 ratio=0.9934

Part 4. A tilted, noisy triangle (N=60, eps=0.3, 5 deg tilt, noise 1e-3, dt=0.05)
  t=     0  plane tilt=5.024 deg  within-cluster spread=1.2e-03
  t=   500  plane tilt=5.024 deg  within-cluster spread=5.8e-06
  t=  1000  plane tilt=5.024 deg  within-cluster spread=4.7e-08
  t=  1500  plane tilt=5.024 deg  within-cluster spread=3.8e-10
  t=  2000  plane tilt=5.024 deg  within-cluster spread=3.0e-12
  t=  2500  plane tilt=5.024 deg  within-cluster spread=2.5e-14
  t=  3000  plane tilt=5.024 deg  within-cluster spread=3.4e-16

