  k   eps  beta     measured      formula    eps/2
  2   0.1   1.0  -0.00000000  -0.00000000   0.0500
  2   0.1   3.0  -0.00000000  -0.00000000   0.0500
  2   0.6   1.0  -0.00000000  -0.00000000   0.3000
  2   0.6   3.0  -0.00000000  -0.00000000   0.3000
  3   0.1   1.0  +0.04993760  +0.04993760   0.0500
  3   0.1   3.0  +0.04993760  +0.04993760   0.0500
  3   0.6   1.0  +0.28724449  +0.28724449   0.3000
  3   0.6   3.0  +0.28724449  +0.28724449   0.3000
  4   0.1   1.0  +0.04995837  +0.04995837   0.0500
  4   0.1   3.0  +0.04995837  +0.04995837   0.0500
  4   0.6   1.0  +0.29131261  +0.29131261   0.3000
  4   0.6   3.0  +0.29131261  +0.29131261   0.3000
  5   0.1   1.0  +0.04993760  +0.04993760   0.0500
  5   0.1   3.0  +0.04993760  +0.04993760   0.0500
  5   0.6   1.0  +0.28726282  +0.28726282   0.3000
  5   0.6   3.0  +0.28726282  +0.28726282   0.3000
  6   0.1   1.0  +0.04993760  +0.04993760   0.0500
  6   0.1   3.0  +0.04993760  +0.04993760   0.0500
  6   0.6   1.0  +0.28724449  +0.28724449   0.3000
  6   0.6   3.0  +0.28724449  +0.28724449   0.3000

Expected: measured == formula to machine precision; independent of beta; 0 for k = 2.
exit=0 secs=1
