==============================================================================
Long-time attractor of the self-attention flow
==============================================================================
Reading each row: k = # dominant clusters; sizes should be ~equal;
shape_drift near 0 = converged (trust k); if large, increase T.

   N  beta   eps  seed   k             sizes  equal_dev  shape_drift   spread
  60   1.0   0.1     0   3      [20, 20, 20]       0.00     5.16e-07    1.000  ok
  60   1.0   0.1     1   3      [20, 20, 20]       0.00     5.00e-08    1.000  ok
  60   1.0   0.1     2   3      [20, 20, 20]       0.00     1.02e-07    1.000  ok
  60   1.0   0.1     3   3      [20, 20, 20]       0.00     2.21e-07    1.000  ok
  60   1.0   0.3     0   3      [20, 20, 20]       0.00     2.09e-06    1.000  ok
  60   1.0   0.3     1   3      [20, 20, 20]       0.00     2.68e-07    1.000  ok
  60   1.0   0.3     2   3      [20, 20, 20]       0.00     1.81e-06    1.000  ok
  60   1.0   0.3     3   3      [21, 20, 19]       0.05     3.06e-09    1.000  ok
  60   1.0   0.6     0   3      [21, 20, 19]       0.05     4.17e-07    1.000  ok
  60   1.0   0.6     1   3      [20, 20, 20]       0.00     6.94e-07    1.000  ok
  60   1.0   0.6     2   3      [20, 20, 20]       0.00     3.61e-06    1.000  ok
  60   1.0   0.6     3   3      [22, 19, 19]       0.10     6.10e-06    0.999  ok
  60   1.0   1.0     0   3      [21, 20, 19]       0.05     7.62e-06    1.000  ok
  60   1.0   1.0     1   3      [21, 20, 19]       0.05     1.04e-06    1.000  ok
  60   1.0   1.0     2   3      [21, 20, 19]       0.05     4.15e-06    1.000  ok
  60   1.0   1.0     3   3      [21, 20, 19]       0.05     1.48e-05    1.000  ok

Robustness (eps=0.6, T=4000):
   N  beta  seed   k             sizes  shape_drift
  30   1.0     0   3      [10, 10, 10]     2.62e-07
  30   1.0     1   3      [10, 10, 10]     5.87e-07
  90   1.0     0   3      [31, 31, 28]     5.52e-06
  90   1.0     1   3      [31, 30, 29]     1.10e-08
  60   0.5     0   3      [21, 20, 19]     6.25e-06
  60   0.5     1   3      [21, 20, 19]     7.75e-07
  60   2.0     0   3      [21, 20, 19]     9.03e-06
  60   2.0     1   3      [21, 20, 19]     2.23e-06

==============================================================================
SUMMARY (converged runs only):
  16 runs settled to k = 3 dominant clusters

  VERDICT: every converged run gave EXACTLY 3 equal clusters.
  The three-cluster attractor is robust.
==============================================================================
exit=0 secs=238
