
========================================================================
TEST 1  closed form vs brute-force Jacobian  [CENTRAL TEST]
========================================================================
  N=36 beta=1.0 eps=0.3
    m=1: brute=-0.483538  closed=-0.483538  ok
    m=2: brute=-0.000000  closed=+0.000000  ok
    m=3: brute=+0.016411  closed=+0.016411  ok
    m=4: brute=+0.000000  closed=+0.000000  ok
    m=5: brute=-0.000051  closed=-0.000051  ok
  N=48 beta=1.0 eps=0.2
    m=1: brute=-0.492583  closed=-0.492583  ok
    m=2: brute=+0.000000  closed=+0.000000  ok
    m=3: brute=+0.007407  closed=+0.007407  ok
    m=4: brute=+0.000000  closed=+0.000000  ok
    m=5: brute=-0.000010  closed=-0.000010  ok
  N=40 beta=2.0 eps=0.5
    m=1: brute=-0.456195  closed=-0.456195  ok
    m=2: brute=-0.000000  closed=+0.000000  ok
    m=3: brute=+0.043425  closed=+0.043425  ok
    m=4: brute=-0.000000  closed=+0.000000  ok
    m=5: brute=-0.000379  closed=-0.000379  ok

========================================================================
TEST 2  only m=3 is unstable
========================================================================
  m=0: Re(mu)=+0.000000
  m=1: Re(mu)=-0.483538
  m=2: Re(mu)=+0.000000
  m=3: Re(mu)=+0.016411
  m=4: Re(mu)=+0.000000
  m=5: Re(mu)=-0.000051
  m=6: Re(mu)=+0.000000
  m=7: Re(mu)=+0.000000
  unstable modes: [3]   (expect exactly [3])
  mu_1 = -0.4835  (expect ~ -0.5)

========================================================================
TEST 3  small-kappa coefficient equals 3/16 = 0.1875
========================================================================
  kappa=  0.2: mu_3/kappa^2 = 0.185179
  kappa=  0.1: mu_3/kappa^2 = 0.186915
  kappa= 0.05: mu_3/kappa^2 = 0.187354
  kappa= 0.02: mu_3/kappa^2 = 0.187477
  kappa= 0.01: mu_3/kappa^2 = 0.187494
  limit vs 3/16=0.187500: ok

========================================================================
TEST 4  beta-independence
========================================================================
  beta=0.5: top eigenvalue = +0.01641065
  beta=1.0: top eigenvalue = +0.01641065
  beta=2.0: top eigenvalue = +0.01641065
  beta=5.0: top eigenvalue = +0.01641065
  max deviation across beta = 0.00e+00  ok

========================================================================
TEST 5  ratio mu_3 / lambda_2 -> 3/2
========================================================================
  kappa=  0.3: mu_3/lambda_2 = 1.480595
  kappa=  0.1: mu_3/lambda_2 = 1.497816
  kappa= 0.05: mu_3/lambda_2 = 1.499453
  kappa= 0.02: mu_3/lambda_2 = 1.499913
  limit vs 1.5: ok

========================================================================
TEST 6  N-independence (incl. N not divisible by 4)
========================================================================
  N= 24: brute=+0.016411 closed=+0.016411 ok
  N= 30: brute=+0.016411 closed=+0.016411 ok
  N= 37: brute=+0.016411 closed=+0.016411 ok
  N= 41: brute=+0.016411 closed=+0.016411 ok
  N= 60: brute=+0.016411 closed=+0.016411 ok

========================================================================
TEST 7  nonlinear confirmation (full flow, no linearisation)
========================================================================
  measured nonlinear growth rate = 0.016409
  closed-form mu_3               = 0.016411
  ratio = 0.9999  (expect ~1; ~1% low is Euler dt bias)

========================================================================
SUMMARY
========================================================================
  TEST 1: PASS
  TEST 2: PASS
  TEST 3: PASS
  TEST 4: PASS
  TEST 5: PASS
  TEST 6: PASS
  TEST 7: PASS

ALL PASS
exit=0 secs=5
