/Users/linmuyi/code/TransformerDynamics/export/verification/antisym_depth.py:110: RuntimeWarning: divide by zero encountered in matmul
  a2 = 0.5 * (np.sum((Dq.T @ Dq) * (Dk.T @ Dk)) - np.sum((Dq.T @ Dk) * (Dk.T @ Dq)))
/Users/linmuyi/code/TransformerDynamics/export/verification/antisym_depth.py:110: RuntimeWarning: overflow encountered in matmul
  a2 = 0.5 * (np.sum((Dq.T @ Dq) * (Dk.T @ Dk)) - np.sum((Dq.T @ Dk) * (Dk.T @ Dq)))
/Users/linmuyi/code/TransformerDynamics/export/verification/antisym_depth.py:110: RuntimeWarning: invalid value encountered in matmul
  a2 = 0.5 * (np.sum((Dq.T @ Dq) * (Dk.T @ Dk)) - np.sum((Dq.T @ Dk) * (Dk.T @ Dq)))
/Users/linmuyi/code/TransformerDynamics/export/verification/antisym_depth.py:112: RuntimeWarning: divide by zero encountered in matmul
  r2 = 0.5 * (np.sum((P.T @ P) * (Q.T @ Q)) - np.sum((P.T @ Q) * (Q.T @ P)))
/Users/linmuyi/code/TransformerDynamics/export/verification/antisym_depth.py:112: RuntimeWarning: overflow encountered in matmul
  r2 = 0.5 * (np.sum((P.T @ P) * (Q.T @ Q)) - np.sum((P.T @ Q) * (Q.T @ P)))
/Users/linmuyi/code/TransformerDynamics/export/verification/antisym_depth.py:112: RuntimeWarning: invalid value encountered in matmul
  r2 = 0.5 * (np.sum((P.T @ P) * (Q.T @ Q)) - np.sum((P.T @ Q) * (Q.T @ P)))
/Users/linmuyi/code/TransformerDynamics/export/verification/antisym_depth.py:128: RuntimeWarning: divide by zero encountered in matmul
  cos_real=float((np.sum(X["real"] @ X["real"].T) - N) / (N * (N - 1))))
/Users/linmuyi/code/TransformerDynamics/export/verification/antisym_depth.py:128: RuntimeWarning: overflow encountered in matmul
  cos_real=float((np.sum(X["real"] @ X["real"].T) - N) / (N * (N - 1))))
/Users/linmuyi/code/TransformerDynamics/export/verification/antisym_depth.py:128: RuntimeWarning: invalid value encountered in matmul
  cos_real=float((np.sum(X["real"] @ X["real"].T) - N) / (N * (N - 1))))
/Users/linmuyi/code/TransformerDynamics/export/verification/antisym_depth.py:90: RuntimeWarning: divide by zero encountered in matmul
  G = X @ X.T
/Users/linmuyi/code/TransformerDynamics/export/verification/antisym_depth.py:90: RuntimeWarning: overflow encountered in matmul
  G = X @ X.T
/Users/linmuyi/code/TransformerDynamics/export/verification/antisym_depth.py:90: RuntimeWarning: invalid value encountered in matmul
  G = X @ X.T

bert-base-uncased: real per-layer step h (median over heads) 1.614
  L |        moved (deg) |  real vs sym (deg)           relative         nn differs |      random vs sym           relative         nn differs | mean cos
  1 |   7.71 [6.13-9.12] |   3.63 [2.33-4.87]   0.51 [0.34-0.62]   0.02 [0.01-0.06] |   1.53 [1.25-1.79]   0.22 [0.17-0.26]   0.02 [0.00-0.02] |     0.42
  2 |  15.02 [11.96-17.86] |   6.85 [4.24-9.28]   0.49 [0.33-0.60]   0.06 [0.03-0.11] |   2.90 [2.34-3.45]   0.21 [0.17-0.26]   0.03 [0.02-0.06] |     0.43
  3 |  22.08 [17.92-26.32] |   9.66 [5.93-12.85]   0.47 [0.32-0.58]   0.11 [0.06-0.19] |   4.14 [3.30-5.08]   0.21 [0.16-0.25]   0.05 [0.03-0.09] |     0.44
  6 |  44.32 [34.69-56.89] |  15.97 [9.84-20.47]   0.39 [0.25-0.52]   0.23 [0.12-0.36] |   6.89 [5.19-8.61]   0.19 [0.13-0.24]   0.12 [0.08-0.20] |     0.52
 12 |  79.07 [61.19-87.52] |  18.59 [10.32-25.51]   0.31 [0.17-0.44]   0.34 [0.17-0.50] |   8.45 [5.77-11.89]   0.15 [0.09-0.24]   0.20 [0.11-0.30] |     0.83
 24 |  88.37 [83.99-90.33] |  16.82 [7.81-28.78]   0.24 [0.10-0.45]   0.30 [0.03-0.50] |   7.54 [3.75-14.22]   0.11 [0.05-0.22]   0.16 [0.03-0.31] |     0.99
 48 |  89.43 [87.75-90.79] |  11.21 [3.68-31.42]   0.17 [0.05-0.45]   0.04 [0.00-0.36] |   5.33 [1.65-13.36]   0.08 [0.02-0.21]   0.02 [0.00-0.22] |     1.00

gpt2: real per-layer step h (median over heads) 1.998
  L |        moved (deg) |  real vs sym (deg)           relative         nn differs |      random vs sym           relative         nn differs | mean cos
  1 |   7.07 [5.37-9.16] |   3.14 [2.31-4.22]   0.47 [0.32-0.64]   0.02 [0.02-0.05] |   1.57 [1.23-2.12]   0.27 [0.19-0.35]   0.02 [0.00-0.03] |     0.61
  2 |  13.92 [10.68-18.00] |   5.95 [4.35-8.03]   0.44 [0.32-0.63]   0.05 [0.03-0.09] |   2.98 [2.30-4.15]   0.26 [0.18-0.35]   0.03 [0.02-0.06] |     0.63
  3 |  21.40 [15.70-28.02] |   8.59 [6.01-12.44]   0.42 [0.31-0.61]   0.09 [0.05-0.16] |   4.45 [3.35-6.22]   0.24 [0.17-0.35]   0.06 [0.03-0.11] |     0.66
  6 |  42.76 [30.48-63.44] |  15.60 [9.56-22.38]   0.41 [0.27-0.60]   0.21 [0.12-0.34] |   8.33 [5.26-11.85]   0.23 [0.14-0.32]   0.16 [0.08-0.27] |     0.77
 12 |  75.98 [55.40-86.99] |  19.47 [10.98-35.54]   0.35 [0.18-0.56]   0.30 [0.17-0.50] |  10.39 [5.71-16.67]   0.18 [0.10-0.33]   0.22 [0.11-0.44] |     0.95
 24 |  87.14 [78.93-90.00] |  17.26 [7.92-36.41]   0.26 [0.11-0.51]   0.16 [0.00-0.42] |  10.58 [4.71-18.66]   0.15 [0.07-0.30]   0.11 [0.00-0.30] |     0.98
 48 |  88.28 [84.47-90.84] |  13.94 [4.42-33.00]   0.20 [0.06-0.50]   0.00 [0.00-0.14] |   8.61 [2.15-20.77]   0.12 [0.03-0.30]   0.00 [0.00-0.13] |     0.98

saved results/review/E11_antisym_depth.json
