[E3] 1/780 done (0.2 min): eps=0.1 N=150 beta=0.5 seed=1 random: sizes=[50, 50, 50] converged at t=3500
[E3] 2/780 done (0.3 min): eps=0.1 N=150 beta=0.5 seed=0 random: sizes=[50, 50, 50] converged at t=6800
[E3] 3/780 done (0.9 min): eps=0.1 N=150 beta=0.5 seed=3 random: sizes=[55, 48, 47] converged at t=13100
[E3] 4/780 done (1.0 min): eps=0.1 N=150 beta=0.5 seed=2 random: sizes=[50, 50, 49, 1] NOT converged by t=20250
[E3] 5/780 done (1.1 min): eps=0.1 N=150 beta=0.5 seed=4 random: sizes=[50, 50, 50] converged at t=4900
[E3] 6/780 done (1.2 min): eps=0.1 N=150 beta=0.5 seed=5 random: sizes=[50, 50, 50] converged at t=3800
[E3] 7/780 done (1.2 min): eps=0.1 N=150 beta=0.5 seed=6 random: sizes=[50, 50, 50] converged at t=4000
[E3] 8/780 done (1.4 min): eps=0.1 N=150 beta=0.5 seed=7 random: sizes=[50, 50, 50] converged at t=4500
[E3] 9/780 done (1.4 min): eps=0.1 N=150 beta=0.5 seed=8 random: sizes=[50, 50, 50] converged at t=3800
[E3] 10/780 done (1.5 min): eps=0.1 N=150 beta=0.5 seed=9 random: sizes=[50, 50, 50] converged at t=3900
[E3] 11/780 done (1.6 min): eps=0.1 N=150 beta=1.0 seed=0 random: sizes=[50, 50, 50] converged at t=4400
[E3] 12/780 done (2.4 min): eps=0.1 N=150 beta=1.0 seed=1 random: sizes=[51, 50, 49] NOT converged by t=20250
[E3] 13/780 done (2.5 min): eps=0.1 N=150 beta=1.0 seed=2 random: sizes=[51, 50, 48, 1] NOT converged by t=20250
[E3] 14/780 done (2.7 min): eps=0.1 N=150 beta=1.0 seed=4 random: sizes=[50, 50, 50] converged at t=4700
[E3] 15/780 done (3.0 min): eps=0.1 N=150 beta=1.0 seed=5 random: sizes=[54, 49, 47] converged at t=7800
[E3] 16/780 done (3.2 min): eps=0.1 N=150 beta=1.0 seed=6 random: sizes=[50, 50, 50] converged at t=4500
[E3] 17/780 done (3.3 min): eps=0.1 N=150 beta=1.0 seed=3 random: sizes=[50, 50, 49, 1] NOT converged by t=20250
[E3] 18/780 done (3.4 min): eps=0.1 N=150 beta=1.0 seed=7 random: sizes=[50, 50, 50] converged at t=4300
[E3] 19/780 done (3.5 min): eps=0.1 N=150 beta=1.0 seed=8 random: sizes=[50, 50, 50] converged at t=3800
[E3] 20/780 done (3.6 min): eps=0.1 N=150 beta=1.0 seed=9 random: sizes=[50, 50, 50] converged at t=4700
[E3] 21/780 done (3.6 min): eps=0.1 N=150 beta=2.0 seed=0 random: sizes=[50, 50, 50] converged at t=4200
[E3] 22/780 done (3.7 min): eps=0.1 N=150 beta=2.0 seed=1 random: sizes=[50, 50, 50] converged at t=3300
[E3] 23/780 done (3.9 min): eps=0.1 N=150 beta=2.0 seed=3 random: sizes=[50, 50, 50] converged at t=3700
[E3] 24/780 done (4.0 min): eps=0.1 N=150 beta=2.0 seed=4 random: sizes=[50, 50, 50] converged at t=3700
[E3] 25/780 done (4.3 min): eps=0.1 N=150 beta=2.0 seed=5 random: sizes=[50, 50, 50] converged at t=4600
[E3] 26/780 done (4.4 min): eps=0.1 N=150 beta=2.0 seed=6 random: sizes=[50, 50, 50] converged at t=4200
[E3] 27/780 done (4.5 min): eps=0.1 N=150 beta=2.0 seed=2 random: sizes=[50, 50, 49, 1] NOT converged by t=20250
[E3] 28/780 done (4.7 min): eps=0.1 N=150 beta=2.0 seed=7 random: sizes=[50, 50, 50] converged at t=5200
[E3] 29/780 done (4.7 min): eps=0.1 N=150 beta=2.0 seed=8 random: sizes=[50, 50, 50] converged at t=3500
[E3] 30/780 done (4.8 min): eps=0.1 N=150 beta=2.0 seed=9 random: sizes=[50, 50, 50] converged at t=3800
[E3] 31/780 done (4.9 min): eps=0.1 N=100 beta=0.5 seed=0 random: sizes=[35, 34, 31] converged at t=11400
[E3] 32/780 done (5.0 min): eps=0.1 N=100 beta=0.5 seed=1 random: sizes=[34, 34, 32] converged at t=7900
[E3] 33/780 done (5.2 min): eps=0.1 N=100 beta=0.5 seed=2 random: sizes=[34, 34, 32] converged at t=9400
[E3] 34/780 done (5.3 min): eps=0.1 N=100 beta=0.5 seed=3 random: sizes=[34, 34, 32] converged at t=11200
[E3] 35/780 done (5.4 min): eps=0.1 N=100 beta=0.5 seed=4 random: sizes=[36, 33, 31] converged at t=9400
[E3] 36/780 done (5.5 min): eps=0.1 N=100 beta=0.5 seed=5 random: sizes=[34, 34, 32] converged at t=9100
[E3] 37/780 done (5.6 min): eps=0.1 N=100 beta=0.5 seed=6 random: sizes=[34, 33, 33] converged at t=10900
[E3] 38/780 done (5.8 min): eps=0.1 N=100 beta=0.5 seed=7 random: sizes=[34, 34, 32] converged at t=15500
[E3] 39/780 done (5.9 min): eps=0.1 N=100 beta=0.5 seed=8 random: sizes=[34, 34, 32] converged at t=11200
[E3] 40/780 done (6.0 min): eps=0.1 N=100 beta=0.5 seed=9 random: sizes=[35, 33, 32] converged at t=7700
[E3] 41/780 done (6.2 min): eps=0.1 N=100 beta=1.0 seed=0 random: sizes=[34, 34, 32] converged at t=13100
[E3] 42/780 done (6.3 min): eps=0.1 N=100 beta=1.0 seed=2 random: sizes=[34, 34, 32] converged at t=6800
[E3] 43/780 done (6.5 min): eps=0.1 N=100 beta=1.0 seed=1 random: sizes=[34, 33, 32, 1] NOT converged by t=20250
[E3] 44/780 done (6.7 min): eps=0.1 N=100 beta=1.0 seed=3 random: sizes=[34, 34, 32] converged at t=16800
[E3] 45/780 done (6.7 min): eps=0.1 N=100 beta=1.0 seed=4 random: sizes=[34, 34, 32] converged at t=11200
[E3] 46/780 done (6.8 min): eps=0.1 N=100 beta=1.0 seed=6 random: sizes=[36, 33, 31] converged at t=5500
[E3] 47/780 done (6.9 min): eps=0.1 N=100 beta=1.0 seed=5 random: sizes=[34, 34, 32] converged at t=7400
[E3] 48/780 done (7.0 min): eps=0.1 N=100 beta=1.0 seed=7 random: sizes=[34, 34, 32] converged at t=9300
[E3] 49/780 done (7.1 min): eps=0.1 N=100 beta=1.0 seed=8 random: sizes=[34, 34, 32] converged at t=12200
[E3] 50/780 done (7.3 min): eps=0.1 N=100 beta=2.0 seed=0 random: sizes=[34, 34, 32] converged at t=8900
[E3] 51/780 done (7.3 min): eps=0.1 N=100 beta=1.0 seed=9 random: sizes=[34, 34, 32] converged at t=13400
[E3] 52/780 done (7.6 min): eps=0.1 N=100 beta=2.0 seed=1 random: sizes=[34, 34, 32] converged at t=12800
[E3] 53/780 done (7.6 min): eps=0.1 N=100 beta=2.0 seed=2 random: sizes=[34, 34, 32] converged at t=12600
[E3] 54/780 done (7.9 min): eps=0.1 N=100 beta=2.0 seed=3 random: sizes=[34, 34, 32] converged at t=11100
[E3] 55/780 done (8.0 min): eps=0.1 N=100 beta=2.0 seed=5 random: sizes=[34, 34, 32] converged at t=7200
[E3] 56/780 done (8.1 min): eps=0.1 N=100 beta=2.0 seed=4 random: sizes=[34, 33, 31, 1, 1] NOT converged by t=20250
[E3] 57/780 done (8.3 min): eps=0.1 N=100 beta=2.0 seed=7 random: sizes=[36, 33, 31] converged at t=8600
[E3] 58/780 done (8.5 min): eps=0.1 N=100 beta=2.0 seed=6 random: sizes=[34, 33, 31, 1, 1] NOT converged by t=20250
[E3] 59/780 done (8.6 min): eps=0.1 N=100 beta=2.0 seed=8 random: sizes=[34, 34, 32] converged at t=15500
[E3] 60/780 done (8.7 min): eps=0.1 N=90 beta=0.5 seed=0 random: sizes=[30, 30, 30] converged at t=3500
[E3] 61/780 done (8.8 min): eps=0.1 N=90 beta=0.5 seed=1 random: sizes=[30, 30, 30] converged at t=3700
[E3] 62/780 done (8.8 min): eps=0.1 N=100 beta=2.0 seed=9 random: sizes=[34, 34, 32] converged at t=13700
[E3] 63/780 done (8.8 min): eps=0.1 N=90 beta=0.5 seed=2 random: sizes=[30, 30, 30] converged at t=3900
[E3] 64/780 done (8.9 min): eps=0.1 N=90 beta=0.5 seed=3 random: sizes=[30, 30, 30] converged at t=3600
[E3] 65/780 done (8.9 min): eps=0.1 N=90 beta=0.5 seed=5 random: sizes=[30, 30, 30] converged at t=2800
[E3] 66/780 done (8.9 min): eps=0.1 N=90 beta=0.5 seed=4 random: sizes=[30, 30, 30] converged at t=4500
[E3] 67/780 done (9.1 min): eps=0.1 N=90 beta=0.5 seed=7 random: sizes=[31, 30, 29] converged at t=9800
[E3] 68/780 done (9.2 min): eps=0.1 N=90 beta=0.5 seed=8 random: sizes=[30, 30, 30] converged at t=4800
[E3] 69/780 done (9.2 min): eps=0.1 N=90 beta=0.5 seed=6 random: sizes=[30, 30, 30] converged at t=17000
[E3] 70/780 done (9.3 min): eps=0.1 N=90 beta=0.5 seed=9 random: sizes=[30, 30, 30] converged at t=3700
[E3] 71/780 done (9.3 min): eps=0.1 N=90 beta=1.0 seed=0 random: sizes=[30, 30, 30] converged at t=3500
[E3] 72/780 done (9.3 min): eps=0.1 N=90 beta=1.0 seed=1 random: sizes=[30, 30, 30] converged at t=3700
[E3] 73/780 done (9.4 min): eps=0.1 N=90 beta=1.0 seed=2 random: sizes=[30, 30, 30] converged at t=3600
[E3] 74/780 done (9.4 min): eps=0.1 N=90 beta=1.0 seed=3 random: sizes=[30, 30, 30] converged at t=3100
[E3] 75/780 done (9.4 min): eps=0.1 N=90 beta=1.0 seed=4 random: sizes=[30, 30, 30] converged at t=3800
[E3] 76/780 done (9.5 min): eps=0.1 N=90 beta=1.0 seed=5 random: sizes=[30, 30, 30] converged at t=3200
[E3] 77/780 done (9.5 min): eps=0.1 N=90 beta=1.0 seed=6 random: sizes=[30, 30, 30] converged at t=3700
[E3] 78/780 done (9.6 min): eps=0.1 N=90 beta=1.0 seed=8 random: sizes=[30, 30, 30] converged at t=3500
[E3] 79/780 done (9.7 min): eps=0.1 N=90 beta=1.0 seed=9 random: sizes=[30, 30, 30] converged at t=3700
[E3] 80/780 done (9.7 min): eps=0.1 N=90 beta=1.0 seed=7 random: sizes=[30, 30, 30] converged at t=13700
[E3] 81/780 done (9.8 min): eps=0.1 N=90 beta=2.0 seed=1 random: sizes=[30, 30, 30] converged at t=3200
[E3] 82/780 done (9.8 min): eps=0.1 N=90 beta=2.0 seed=0 random: sizes=[30, 30, 30] converged at t=9700
[E3] 83/780 done (9.9 min): eps=0.1 N=90 beta=2.0 seed=2 random: sizes=[30, 30, 30] converged at t=3300
[E3] 84/780 done (9.9 min): eps=0.1 N=90 beta=2.0 seed=3 random: sizes=[30, 30, 30] converged at t=3000
[E3] 85/780 done (9.9 min): eps=0.1 N=90 beta=2.0 seed=4 random: sizes=[30, 30, 30] converged at t=3200
[E3] 86/780 done (10.0 min): eps=0.1 N=90 beta=2.0 seed=5 random: sizes=[30, 30, 30] converged at t=4100
[E3] 87/780 done (10.0 min): eps=0.1 N=90 beta=2.0 seed=6 random: sizes=[30, 30, 30] converged at t=3100
[E3] 88/780 done (10.0 min): eps=0.1 N=90 beta=2.0 seed=8 random: sizes=[30, 30, 30] converged at t=3600
[E3] 89/780 done (10.1 min): eps=0.1 N=90 beta=2.0 seed=9 random: sizes=[30, 30, 30] converged at t=3400
[E3] 90/780 done (10.2 min): eps=0.1 N=61 beta=0.5 seed=0 random: sizes=[22, 20, 19] converged at t=7400
[E3] 91/780 done (10.2 min): eps=0.1 N=90 beta=2.0 seed=7 random: sizes=[30, 30, 30] converged at t=12800
[E3] 92/780 done (10.3 min): eps=0.1 N=61 beta=0.5 seed=1 random: sizes=[21, 20, 20] converged at t=5200
[E3] 93/780 done (10.3 min): eps=0.1 N=61 beta=0.5 seed=2 random: sizes=[24, 20, 17] converged at t=7400
[E3] 94/780 done (10.3 min): eps=0.1 N=61 beta=0.5 seed=3 random: sizes=[21, 20, 20] converged at t=6700
[E3] 95/780 done (10.4 min): eps=0.1 N=61 beta=0.5 seed=4 random: sizes=[25, 20, 16] converged at t=8400
[E3] 96/780 done (10.5 min): eps=0.1 N=61 beta=0.5 seed=5 random: sizes=[23, 20, 18] converged at t=11600
[E3] 97/780 done (10.5 min): eps=0.1 N=61 beta=0.5 seed=6 random: sizes=[23, 20, 18] converged at t=8300
[E3] 98/780 done (10.6 min): eps=0.1 N=61 beta=0.5 seed=7 random: sizes=[22, 20, 19] converged at t=6500
[E3] 99/780 done (10.6 min): eps=0.1 N=61 beta=0.5 seed=8 random: sizes=[21, 20, 20] converged at t=9500
[E3] 100/780 done (10.6 min): eps=0.1 N=61 beta=0.5 seed=9 random: sizes=[22, 20, 19] converged at t=6800
[E3] 101/780 done (10.7 min): eps=0.1 N=61 beta=1.0 seed=1 random: sizes=[21, 20, 20] converged at t=5000
[E3] 102/780 done (10.8 min): eps=0.1 N=61 beta=1.0 seed=2 random: sizes=[22, 20, 19] converged at t=7500
[E3] 103/780 done (10.8 min): eps=0.1 N=61 beta=1.0 seed=0 random: sizes=[21, 20, 20] converged at t=15300
[E3] 104/780 done (10.9 min): eps=0.1 N=61 beta=1.0 seed=4 random: sizes=[22, 20, 19] converged at t=6300
[E3] 105/780 done (10.9 min): eps=0.1 N=61 beta=1.0 seed=3 random: sizes=[23, 20, 18] converged at t=11100
[E3] 106/780 done (11.0 min): eps=0.1 N=61 beta=1.0 seed=5 random: sizes=[22, 20, 19] converged at t=11800
[E3] 107/780 done (11.0 min): eps=0.1 N=61 beta=1.0 seed=6 random: sizes=[21, 20, 20] converged at t=8800
[E3] 108/780 done (11.1 min): eps=0.1 N=61 beta=1.0 seed=7 random: sizes=[21, 20, 20] converged at t=4800
[E3] 109/780 done (11.1 min): eps=0.1 N=61 beta=1.0 seed=8 random: sizes=[21, 20, 20] converged at t=7800
[E3] 110/780 done (11.2 min): eps=0.1 N=61 beta=2.0 seed=0 random: sizes=[22, 20, 19] converged at t=6100
[E3] 111/780 done (11.2 min): eps=0.1 N=61 beta=1.0 seed=9 random: sizes=[21, 20, 20] converged at t=10700
[E3] 112/780 done (11.3 min): eps=0.1 N=61 beta=2.0 seed=1 random: sizes=[21, 20, 20] converged at t=5500
[E3] 113/780 done (11.3 min): eps=0.1 N=61 beta=2.0 seed=2 random: sizes=[24, 20, 17] converged at t=9700
[E3] 114/780 done (11.4 min): eps=0.1 N=61 beta=2.0 seed=4 random: sizes=[21, 20, 20] converged at t=4400
[E3] 115/780 done (11.4 min): eps=0.1 N=61 beta=2.0 seed=3 random: sizes=[21, 20, 20] converged at t=11700
[E3] 116/780 done (11.5 min): eps=0.1 N=61 beta=2.0 seed=6 random: sizes=[21, 20, 20] converged at t=5900
[E3] 117/780 done (11.5 min): eps=0.1 N=61 beta=2.0 seed=7 random: sizes=[22, 20, 19] converged at t=4500
[E3] 118/780 done (11.6 min): eps=0.1 N=61 beta=2.0 seed=5 random: sizes=[21, 21, 19] converged at t=14100
[E3] 119/780 done (11.6 min): eps=0.1 N=61 beta=2.0 seed=8 random: sizes=[21, 20, 20] converged at t=8600
[E3] 120/780 done (11.7 min): eps=0.1 N=61 beta=2.0 seed=9 random: sizes=[21, 20, 20] converged at t=7500
[E3] 121/780 done (11.7 min): eps=0.1 N=60 beta=0.5 seed=0 random: sizes=[20, 20, 20] converged at t=3600
[E3] 122/780 done (11.7 min): eps=0.1 N=60 beta=0.5 seed=1 random: sizes=[20, 20, 20] converged at t=2800
[E3] 123/780 done (11.7 min): eps=0.1 N=60 beta=0.5 seed=2 random: sizes=[20, 20, 20] converged at t=4000
[E3] 124/780 done (11.7 min): eps=0.1 N=60 beta=0.5 seed=3 random: sizes=[20, 20, 20] converged at t=4600
[E3] 125/780 done (11.8 min): eps=0.1 N=60 beta=0.5 seed=5 random: sizes=[20, 20, 20] converged at t=2600
[E3] 126/780 done (11.8 min): eps=0.1 N=60 beta=0.5 seed=4 random: sizes=[20, 20, 20] converged at t=3600
[E3] 127/780 done (11.8 min): eps=0.1 N=60 beta=0.5 seed=6 random: sizes=[20, 20, 20] converged at t=3300
[E3] 128/780 done (11.8 min): eps=0.1 N=60 beta=0.5 seed=7 random: sizes=[20, 20, 20] converged at t=2900
[E3] 129/780 done (11.9 min): eps=0.1 N=60 beta=0.5 seed=8 random: sizes=[20, 20, 20] converged at t=3700
[E3] 130/780 done (11.9 min): eps=0.1 N=60 beta=0.5 seed=9 random: sizes=[20, 20, 20] converged at t=4600
[E3] 131/780 done (11.9 min): eps=0.1 N=60 beta=1.0 seed=1 random: sizes=[20, 20, 20] converged at t=2800
[E3] 132/780 done (11.9 min): eps=0.1 N=60 beta=1.0 seed=0 random: sizes=[20, 20, 20] converged at t=4800
[E3] 133/780 done (11.9 min): eps=0.1 N=60 beta=1.0 seed=2 random: sizes=[20, 20, 20] converged at t=3400
[E3] 134/780 done (12.0 min): eps=0.1 N=60 beta=1.0 seed=3 random: sizes=[20, 20, 20] converged at t=4700
[E3] 135/780 done (12.0 min): eps=0.1 N=60 beta=1.0 seed=4 random: sizes=[20, 20, 20] converged at t=4000
[E3] 136/780 done (12.0 min): eps=0.1 N=60 beta=1.0 seed=5 random: sizes=[20, 20, 20] converged at t=2700
[E3] 137/780 done (12.0 min): eps=0.1 N=60 beta=1.0 seed=6 random: sizes=[20, 20, 20] converged at t=3400
[E3] 138/780 done (12.0 min): eps=0.1 N=60 beta=1.0 seed=7 random: sizes=[20, 20, 20] converged at t=2600
[E3] 139/780 done (12.1 min): eps=0.1 N=60 beta=1.0 seed=9 random: sizes=[20, 20, 20] converged at t=3300
[E3] 140/780 done (12.1 min): eps=0.1 N=60 beta=1.0 seed=8 random: sizes=[20, 20, 20] converged at t=5100
[E3] 141/780 done (12.1 min): eps=0.1 N=60 beta=2.0 seed=1 random: sizes=[20, 20, 20] converged at t=2900
[E3] 142/780 done (12.2 min): eps=0.1 N=60 beta=2.0 seed=0 random: sizes=[21, 20, 19] converged at t=7500
[E3] 143/780 done (12.2 min): eps=0.1 N=60 beta=2.0 seed=2 random: sizes=[20, 20, 20] converged at t=2800
[E3] 144/780 done (12.2 min): eps=0.1 N=60 beta=2.0 seed=3 random: sizes=[20, 20, 20] converged at t=3400
[E3] 145/780 done (12.2 min): eps=0.1 N=60 beta=2.0 seed=4 random: sizes=[20, 20, 20] converged at t=3700
[E3] 146/780 done (12.2 min): eps=0.1 N=60 beta=2.0 seed=5 random: sizes=[20, 20, 20] converged at t=2800
[E3] 147/780 done (12.3 min): eps=0.1 N=60 beta=2.0 seed=6 random: sizes=[20, 20, 20] converged at t=2900
[E3] 148/780 done (12.3 min): eps=0.1 N=60 beta=2.0 seed=7 random: sizes=[20, 20, 20] converged at t=2500
[E3] 149/780 done (12.3 min): eps=0.1 N=60 beta=2.0 seed=9 random: sizes=[20, 20, 20] converged at t=2900
[E3] 150/780 done (12.3 min): eps=0.1 N=60 beta=2.0 seed=8 random: sizes=[20, 20, 20] converged at t=4900
[E3] 151/780 done (12.4 min): eps=0.3 N=150 beta=0.5 seed=1 random: sizes=[51, 50, 49] converged at t=900
[E3] 152/780 done (12.4 min): eps=0.3 N=150 beta=0.5 seed=0 random: sizes=[51, 50, 49] converged at t=1300
[E3] 153/780 done (12.4 min): eps=0.3 N=150 beta=0.5 seed=2 random: sizes=[50, 50, 50] converged at t=600
[E3] 154/780 done (12.4 min): eps=0.3 N=150 beta=0.5 seed=3 random: sizes=[50, 50, 50] converged at t=700
[E3] 155/780 done (12.4 min): eps=0.3 N=150 beta=0.5 seed=5 random: sizes=[51, 50, 49] converged at t=1100
[E3] 156/780 done (12.5 min): eps=0.3 N=150 beta=0.5 seed=4 random: sizes=[51, 50, 49] converged at t=1900
[E3] 157/780 done (12.5 min): eps=0.3 N=150 beta=0.5 seed=6 random: sizes=[50, 50, 50] converged at t=800
[E3] 158/780 done (12.5 min): eps=0.3 N=150 beta=0.5 seed=7 random: sizes=[51, 50, 49] converged at t=900
[E3] 159/780 done (12.5 min): eps=0.3 N=150 beta=0.5 seed=8 random: sizes=[51, 50, 49] converged at t=1600
[E3] 160/780 done (12.5 min): eps=0.3 N=150 beta=0.5 seed=9 random: sizes=[51, 50, 49] converged at t=1000
[E3] 161/780 done (12.6 min): eps=0.3 N=150 beta=1.0 seed=1 random: sizes=[51, 50, 49] converged at t=800
[E3] 162/780 done (12.6 min): eps=0.3 N=150 beta=1.0 seed=2 random: sizes=[50, 50, 50] converged at t=600
[E3] 163/780 done (12.6 min): eps=0.3 N=150 beta=1.0 seed=0 random: sizes=[51, 50, 49] converged at t=1400
[E3] 164/780 done (12.6 min): eps=0.3 N=150 beta=1.0 seed=3 random: sizes=[50, 50, 50] converged at t=600
[E3] 165/780 done (12.6 min): eps=0.3 N=150 beta=1.0 seed=4 random: sizes=[51, 50, 49] converged at t=1100
[E3] 166/780 done (12.7 min): eps=0.3 N=150 beta=1.0 seed=5 random: sizes=[51, 50, 49] converged at t=1000
[E3] 167/780 done (12.7 min): eps=0.3 N=150 beta=1.0 seed=6 random: sizes=[50, 50, 50] converged at t=600
[E3] 168/780 done (12.7 min): eps=0.3 N=150 beta=1.0 seed=7 random: sizes=[50, 50, 50] converged at t=700
[E3] 169/780 done (12.7 min): eps=0.3 N=150 beta=1.0 seed=8 random: sizes=[50, 50, 50] converged at t=800
[E3] 170/780 done (12.7 min): eps=0.3 N=150 beta=2.0 seed=0 random: sizes=[51, 50, 49] converged at t=900
[E3] 171/780 done (12.7 min): eps=0.3 N=150 beta=1.0 seed=9 random: sizes=[51, 50, 49] converged at t=1300
[E3] 172/780 done (12.8 min): eps=0.3 N=150 beta=2.0 seed=1 random: sizes=[51, 50, 49] converged at t=800
[E3] 173/780 done (12.8 min): eps=0.3 N=150 beta=2.0 seed=2 random: sizes=[51, 50, 49] converged at t=1000
[E3] 174/780 done (12.8 min): eps=0.3 N=150 beta=2.0 seed=3 random: sizes=[51, 50, 49] converged at t=1100
[E3] 175/780 done (12.8 min): eps=0.3 N=150 beta=2.0 seed=4 random: sizes=[51, 50, 49] converged at t=1100
[E3] 176/780 done (12.9 min): eps=0.3 N=150 beta=2.0 seed=5 random: sizes=[50, 50, 50] converged at t=700
[E3] 177/780 done (12.9 min): eps=0.3 N=150 beta=2.0 seed=6 random: sizes=[50, 50, 50] converged at t=600
[E3] 178/780 done (12.9 min): eps=0.3 N=150 beta=2.0 seed=7 random: sizes=[50, 50, 50] converged at t=700
[E3] 179/780 done (12.9 min): eps=0.3 N=150 beta=2.0 seed=8 random: sizes=[51, 50, 49] converged at t=900
[E3] 180/780 done (12.9 min): eps=0.6 N=150 beta=0.5 seed=0 random: sizes=[51, 50, 49] converged at t=400
[E3] 181/780 done (12.9 min): eps=0.3 N=150 beta=2.0 seed=9 random: sizes=[51, 50, 49] converged at t=1200
[E3] 182/780 done (12.9 min): eps=0.6 N=150 beta=0.5 seed=1 random: sizes=[51, 50, 49] converged at t=300
[E3] 183/780 done (12.9 min): eps=0.6 N=150 beta=0.5 seed=3 random: sizes=[51, 50, 49] converged at t=400
[E3] 184/780 done (12.9 min): eps=0.6 N=150 beta=0.5 seed=2 random: sizes=[51, 51, 48] converged at t=500
[E3] 185/780 done (13.0 min): eps=0.6 N=150 beta=0.5 seed=4 random: sizes=[51, 50, 49] converged at t=300
[E3] 186/780 done (13.0 min): eps=0.6 N=150 beta=0.5 seed=5 random: sizes=[51, 50, 49] converged at t=300
[E3] 187/780 done (13.0 min): eps=0.6 N=150 beta=0.5 seed=6 random: sizes=[51, 50, 49] converged at t=300
[E3] 188/780 done (13.0 min): eps=0.6 N=150 beta=0.5 seed=7 random: sizes=[53, 49, 48] converged at t=500
[E3] 189/780 done (13.0 min): eps=0.6 N=150 beta=0.5 seed=8 random: sizes=[50, 50, 50] converged at t=400
[E3] 190/780 done (13.0 min): eps=0.6 N=150 beta=0.5 seed=9 random: sizes=[51, 50, 49] converged at t=300
[E3] 191/780 done (13.0 min): eps=0.6 N=150 beta=1.0 seed=0 random: sizes=[50, 50, 50] converged at t=300
[E3] 192/780 done (13.0 min): eps=0.6 N=150 beta=1.0 seed=1 random: sizes=[51, 51, 48] converged at t=400
[E3] 193/780 done (13.0 min): eps=0.6 N=150 beta=1.0 seed=2 random: sizes=[51, 50, 49] converged at t=400
[E3] 194/780 done (13.0 min): eps=0.6 N=150 beta=1.0 seed=3 random: sizes=[50, 50, 50] converged at t=300
[E3] 195/780 done (13.0 min): eps=0.6 N=150 beta=1.0 seed=4 random: sizes=[51, 50, 49] converged at t=400
[E3] 196/780 done (13.0 min): eps=0.6 N=150 beta=1.0 seed=5 random: sizes=[51, 50, 49] converged at t=300
[E3] 197/780 done (13.0 min): eps=0.6 N=150 beta=1.0 seed=6 random: sizes=[51, 50, 49] converged at t=300
[E3] 198/780 done (13.1 min): eps=0.6 N=150 beta=1.0 seed=7 random: sizes=[51, 51, 48] converged at t=400
[E3] 199/780 done (13.1 min): eps=0.6 N=150 beta=1.0 seed=8 random: sizes=[51, 50, 49] converged at t=400
[E3] 200/780 done (13.1 min): eps=0.6 N=150 beta=1.0 seed=9 random: sizes=[51, 50, 49] converged at t=300
[E3] 201/780 done (13.1 min): eps=0.6 N=150 beta=2.0 seed=0 random: sizes=[51, 51, 48] converged at t=400
[E3] 202/780 done (13.1 min): eps=0.6 N=150 beta=2.0 seed=1 random: sizes=[52, 49, 49] converged at t=300
[E3] 203/780 done (13.1 min): eps=0.6 N=150 beta=2.0 seed=2 random: sizes=[50, 50, 50] converged at t=300
[E3] 204/780 done (13.1 min): eps=0.6 N=150 beta=2.0 seed=3 random: sizes=[51, 50, 49] converged at t=300
[E3] 205/780 done (13.1 min): eps=0.6 N=150 beta=2.0 seed=4 random: sizes=[50, 50, 50] converged at t=300
[E3] 206/780 done (13.1 min): eps=0.6 N=150 beta=2.0 seed=5 random: sizes=[51, 50, 49] converged at t=300
[E3] 207/780 done (13.1 min): eps=0.6 N=150 beta=2.0 seed=7 random: sizes=[51, 50, 49] converged at t=300
[E3] 208/780 done (13.1 min): eps=0.6 N=150 beta=2.0 seed=6 random: sizes=[51, 50, 49] converged at t=300
[E3] 209/780 done (13.1 min): eps=0.6 N=150 beta=2.0 seed=8 random: sizes=[51, 50, 49] converged at t=300
[E3] 210/780 done (13.1 min): eps=0.6 N=150 beta=2.0 seed=9 random: sizes=[51, 50, 49] converged at t=300
[E3] 211/780 done (13.1 min): eps=1.0 N=150 beta=0.5 seed=0 random: sizes=[51, 50, 49] converged at t=200
[E3] 212/780 done (13.1 min): eps=1.0 N=150 beta=0.5 seed=1 random: sizes=[52, 51, 47] converged at t=300
[E3] 213/780 done (13.1 min): eps=1.0 N=150 beta=0.5 seed=2 random: sizes=[51, 50, 49] converged at t=300
[E3] 214/780 done (13.2 min): eps=1.0 N=150 beta=0.5 seed=3 random: sizes=[52, 51, 47] converged at t=300
[E3] 215/780 done (13.2 min): eps=1.0 N=150 beta=0.5 seed=4 random: sizes=[50, 50, 50] converged at t=200
[E3] 216/780 done (13.2 min): eps=1.0 N=150 beta=0.5 seed=6 random: sizes=[50, 50, 50] converged at t=200
[E3] 217/780 done (13.2 min): eps=1.0 N=150 beta=0.5 seed=5 random: sizes=[51, 51, 48] converged at t=300
[E3] 218/780 done (13.2 min): eps=1.0 N=150 beta=0.5 seed=7 random: sizes=[52, 49, 49] converged at t=200
[E3] 219/780 done (13.2 min): eps=1.0 N=150 beta=0.5 seed=8 random: sizes=[51, 51, 48] converged at t=200
[E3] 220/780 done (13.2 min): eps=1.0 N=150 beta=0.5 seed=9 random: sizes=[51, 50, 49] converged at t=200
[E3] 221/780 done (13.2 min): eps=1.0 N=150 beta=1.0 seed=0 random: sizes=[50, 50, 50] converged at t=200
[E3] 222/780 done (13.2 min): eps=1.0 N=150 beta=1.0 seed=1 random: sizes=[52, 50, 48] converged at t=200
[E3] 223/780 done (13.2 min): eps=1.0 N=150 beta=1.0 seed=2 random: sizes=[51, 51, 48] converged at t=200
[E3] 224/780 done (13.2 min): eps=1.0 N=150 beta=1.0 seed=4 random: sizes=[51, 50, 49] converged at t=200
[E3] 225/780 done (13.2 min): eps=1.0 N=150 beta=1.0 seed=3 random: sizes=[51, 50, 49] converged at t=300
[E3] 226/780 done (13.2 min): eps=1.0 N=150 beta=1.0 seed=5 random: sizes=[51, 50, 49] converged at t=200
[E3] 227/780 done (13.2 min): eps=1.0 N=150 beta=1.0 seed=6 random: sizes=[51, 51, 48] converged at t=200
[E3] 228/780 done (13.2 min): eps=1.0 N=150 beta=1.0 seed=7 random: sizes=[53, 49, 48] converged at t=200
[E3] 229/780 done (13.2 min): eps=1.0 N=150 beta=1.0 seed=8 random: sizes=[52, 50, 48] converged at t=300
[E3] 230/780 done (13.2 min): eps=1.0 N=150 beta=2.0 seed=0 random: sizes=[51, 50, 49] converged at t=200
[E3] 231/780 done (13.2 min): eps=1.0 N=150 beta=1.0 seed=9 random: sizes=[53, 49, 48] converged at t=300
[E3] 232/780 done (13.2 min): eps=1.0 N=150 beta=2.0 seed=1 random: sizes=[52, 50, 48] converged at t=200
[E3] 233/780 done (13.2 min): eps=1.0 N=150 beta=2.0 seed=2 random: sizes=[51, 50, 49] converged at t=200
[E3] 234/780 done (13.2 min): eps=1.0 N=150 beta=2.0 seed=3 random: sizes=[51, 50, 49] converged at t=200
[E3] 235/780 done (13.2 min): eps=1.0 N=150 beta=2.0 seed=4 random: sizes=[50, 50, 50] converged at t=200
[E3] 236/780 done (13.3 min): eps=1.0 N=150 beta=2.0 seed=5 random: sizes=[51, 50, 49] converged at t=200
[E3] 237/780 done (13.3 min): eps=1.0 N=150 beta=2.0 seed=6 random: sizes=[51, 51, 48] converged at t=200
[E3] 238/780 done (13.3 min): eps=1.0 N=150 beta=2.0 seed=7 random: sizes=[51, 50, 49] converged at t=200
[E3] 239/780 done (13.3 min): eps=1.0 N=150 beta=2.0 seed=8 random: sizes=[52, 50, 48] converged at t=200
[E3] 240/780 done (13.3 min): eps=1.0 N=150 beta=2.0 seed=9 random: sizes=[51, 50, 49] converged at t=200
[E3] 241/780 done (13.3 min): eps=0.3 N=100 beta=0.5 seed=0 random: sizes=[34, 33, 33] converged at t=1000
[E3] 242/780 done (13.3 min): eps=0.3 N=100 beta=0.5 seed=1 random: sizes=[34, 33, 33] converged at t=900
[E3] 243/780 done (13.3 min): eps=0.3 N=100 beta=0.5 seed=2 random: sizes=[34, 33, 33] converged at t=1000
[E3] 244/780 done (13.3 min): eps=0.3 N=100 beta=0.5 seed=3 random: sizes=[34, 33, 33] converged at t=900
[E3] 245/780 done (13.3 min): eps=0.3 N=100 beta=0.5 seed=5 random: sizes=[34, 33, 33] converged at t=700
[E3] 246/780 done (13.3 min): eps=0.3 N=100 beta=0.5 seed=4 random: sizes=[34, 33, 33] converged at t=800
[E3] 247/780 done (13.4 min): eps=0.3 N=100 beta=0.5 seed=7 random: sizes=[34, 33, 33] converged at t=1000
[E3] 248/780 done (13.4 min): eps=0.3 N=100 beta=0.5 seed=8 random: sizes=[34, 33, 33] converged at t=1000
[E3] 249/780 done (13.4 min): eps=0.3 N=100 beta=0.5 seed=6 random: sizes=[34, 33, 32, 1] NOT converged by t=3000
[E3] 250/780 done (13.4 min): eps=0.3 N=100 beta=0.5 seed=9 random: sizes=[34, 33, 33] converged at t=2100
[E3] 251/780 done (13.4 min): eps=0.3 N=100 beta=1.0 seed=0 random: sizes=[34, 33, 33] converged at t=1200
[E3] 252/780 done (13.4 min): eps=0.3 N=100 beta=1.0 seed=1 random: sizes=[34, 33, 33] converged at t=600
[E3] 253/780 done (13.4 min): eps=0.3 N=100 beta=1.0 seed=2 random: sizes=[34, 33, 33] converged at t=900
[E3] 254/780 done (13.5 min): eps=0.3 N=100 beta=1.0 seed=3 random: sizes=[34, 33, 33] converged at t=700
[E3] 255/780 done (13.5 min): eps=0.3 N=100 beta=1.0 seed=5 random: sizes=[34, 33, 33] converged at t=800
[E3] 256/780 done (13.5 min): eps=0.3 N=100 beta=1.0 seed=4 random: sizes=[34, 33, 33] converged at t=1200
[E3] 257/780 done (13.5 min): eps=0.3 N=100 beta=1.0 seed=6 random: sizes=[34, 33, 33] converged at t=900
[E3] 258/780 done (13.5 min): eps=0.3 N=100 beta=1.0 seed=7 random: sizes=[34, 33, 33] converged at t=1000
[E3] 259/780 done (13.5 min): eps=0.3 N=100 beta=1.0 seed=8 random: sizes=[34, 33, 33] converged at t=700
[E3] 260/780 done (13.5 min): eps=0.3 N=100 beta=1.0 seed=9 random: sizes=[34, 33, 33] converged at t=900
[E3] 261/780 done (13.5 min): eps=0.3 N=100 beta=2.0 seed=0 random: sizes=[34, 33, 33] converged at t=700
[E3] 262/780 done (13.5 min): eps=0.3 N=100 beta=2.0 seed=1 random: sizes=[34, 33, 33] converged at t=600
[E3] 263/780 done (13.5 min): eps=0.3 N=100 beta=2.0 seed=3 random: sizes=[34, 33, 33] converged at t=700
[E3] 264/780 done (13.5 min): eps=0.3 N=100 beta=2.0 seed=2 random: sizes=[34, 33, 33] converged at t=1300
[E3] 265/780 done (13.6 min): eps=0.3 N=100 beta=2.0 seed=4 random: sizes=[34, 33, 33] converged at t=600
[E3] 266/780 done (13.6 min): eps=0.3 N=100 beta=2.0 seed=5 random: sizes=[34, 33, 33] converged at t=800
[E3] 267/780 done (13.6 min): eps=0.3 N=100 beta=2.0 seed=7 random: sizes=[34, 33, 33] converged at t=900
[E3] 268/780 done (13.6 min): eps=0.3 N=100 beta=2.0 seed=6 random: sizes=[34, 33, 32, 1] NOT converged by t=3000
[E3] 269/780 done (13.6 min): eps=0.3 N=100 beta=2.0 seed=8 random: sizes=[34, 33, 33] converged at t=1800
[E3] 270/780 done (13.6 min): eps=0.6 N=100 beta=0.5 seed=0 random: sizes=[34, 34, 32] converged at t=400
[E3] 271/780 done (13.6 min): eps=0.6 N=100 beta=0.5 seed=1 random: sizes=[34, 33, 33] converged at t=300
[E3] 272/780 done (13.6 min): eps=0.3 N=100 beta=2.0 seed=9 random: sizes=[34, 33, 33] converged at t=800
[E3] 273/780 done (13.6 min): eps=0.6 N=100 beta=0.5 seed=2 random: sizes=[34, 33, 33] converged at t=300
[E3] 274/780 done (13.7 min): eps=0.6 N=100 beta=0.5 seed=3 random: sizes=[34, 33, 33] converged at t=400
[E3] 275/780 done (13.7 min): eps=0.6 N=100 beta=0.5 seed=4 random: sizes=[34, 33, 33] converged at t=300
[E3] 276/780 done (13.7 min): eps=0.6 N=100 beta=0.5 seed=5 random: sizes=[35, 33, 32] converged at t=600
[E3] 277/780 done (13.7 min): eps=0.6 N=100 beta=0.5 seed=6 random: sizes=[34, 34, 32] converged at t=400
[E3] 278/780 done (13.7 min): eps=0.6 N=100 beta=0.5 seed=8 random: sizes=[34, 33, 33] converged at t=400
[E3] 279/780 done (13.7 min): eps=0.6 N=100 beta=0.5 seed=7 random: sizes=[34, 33, 33] converged at t=400
[E3] 280/780 done (13.7 min): eps=0.6 N=100 beta=0.5 seed=9 random: sizes=[34, 33, 33] converged at t=300
[E3] 281/780 done (13.7 min): eps=0.6 N=100 beta=1.0 seed=0 random: sizes=[34, 34, 32] converged at t=400
[E3] 282/780 done (13.7 min): eps=0.6 N=100 beta=1.0 seed=1 random: sizes=[34, 33, 33] converged at t=300
[E3] 283/780 done (13.7 min): eps=0.6 N=100 beta=1.0 seed=2 random: sizes=[34, 33, 33] converged at t=400
[E3] 284/780 done (13.7 min): eps=0.6 N=100 beta=1.0 seed=3 random: sizes=[34, 34, 32] converged at t=400
[E3] 285/780 done (13.7 min): eps=0.6 N=100 beta=1.0 seed=4 random: sizes=[34, 33, 33] converged at t=300
[E3] 286/780 done (13.7 min): eps=0.6 N=100 beta=1.0 seed=5 random: sizes=[35, 33, 32] converged at t=400
[E3] 287/780 done (13.7 min): eps=0.6 N=100 beta=1.0 seed=6 random: sizes=[34, 33, 33] converged at t=300
[E3] 288/780 done (13.7 min): eps=0.6 N=100 beta=1.0 seed=7 random: sizes=[34, 33, 33] converged at t=300
[E3] 289/780 done (13.7 min): eps=0.6 N=100 beta=1.0 seed=8 random: sizes=[34, 33, 33] converged at t=300
[E3] 290/780 done (13.7 min): eps=0.6 N=100 beta=2.0 seed=0 random: sizes=[34, 33, 33] converged at t=300
[E3] 291/780 done (13.7 min): eps=0.6 N=100 beta=1.0 seed=9 random: sizes=[34, 33, 33] converged at t=400
[E3] 292/780 done (13.7 min): eps=0.6 N=100 beta=2.0 seed=2 random: sizes=[34, 33, 33] converged at t=300
[E3] 293/780 done (13.7 min): eps=0.6 N=100 beta=2.0 seed=1 random: sizes=[34, 33, 33] converged at t=300
[E3] 294/780 done (13.7 min): eps=0.6 N=100 beta=2.0 seed=3 random: sizes=[34, 34, 32] converged at t=300
[E3] 295/780 done (13.7 min): eps=0.6 N=100 beta=2.0 seed=4 random: sizes=[34, 33, 33] converged at t=300
[E3] 296/780 done (13.7 min): eps=0.6 N=100 beta=2.0 seed=6 random: sizes=[34, 33, 33] converged at t=300
[E3] 297/780 done (13.7 min): eps=0.6 N=100 beta=2.0 seed=5 random: sizes=[35, 33, 32] converged at t=400
[E3] 298/780 done (13.7 min): eps=0.6 N=100 beta=2.0 seed=8 random: sizes=[34, 33, 33] converged at t=300
[E3] 299/780 done (13.8 min): eps=0.6 N=100 beta=2.0 seed=7 random: sizes=[34, 33, 33] converged at t=400
[E3] 300/780 done (13.8 min): eps=1.0 N=100 beta=0.5 seed=0 random: sizes=[34, 33, 33] converged at t=200
[E3] 301/780 done (13.8 min): eps=0.6 N=100 beta=2.0 seed=9 random: sizes=[34, 33, 33] converged at t=300
[E3] 302/780 done (13.8 min): eps=1.0 N=100 beta=0.5 seed=1 random: sizes=[34, 33, 33] converged at t=200
[E3] 303/780 done (13.8 min): eps=1.0 N=100 beta=0.5 seed=2 random: sizes=[34, 33, 33] converged at t=200
[E3] 304/780 done (13.8 min): eps=1.0 N=100 beta=0.5 seed=4 random: sizes=[34, 33, 33] converged at t=200
[E3] 305/780 done (13.8 min): eps=1.0 N=100 beta=0.5 seed=3 random: sizes=[35, 34, 31] converged at t=300
[E3] 306/780 done (13.8 min): eps=1.0 N=100 beta=0.5 seed=5 random: sizes=[35, 33, 32] converged at t=200
[E3] 307/780 done (13.8 min): eps=1.0 N=100 beta=0.5 seed=7 random: sizes=[34, 34, 32] converged at t=200
[E3] 308/780 done (13.8 min): eps=1.0 N=100 beta=0.5 seed=6 random: sizes=[35, 33, 32] converged at t=300
[E3] 309/780 done (13.8 min): eps=1.0 N=100 beta=0.5 seed=9 random: sizes=[34, 34, 32] converged at t=300
[E3] 310/780 done (13.8 min): eps=1.0 N=100 beta=0.5 seed=8 random: sizes=[34, 34, 32] converged at t=300
[E3] 311/780 done (13.8 min): eps=1.0 N=100 beta=1.0 seed=0 random: sizes=[35, 34, 31] converged at t=200
[E3] 312/780 done (13.8 min): eps=1.0 N=100 beta=1.0 seed=1 random: sizes=[34, 33, 33] converged at t=200
[E3] 313/780 done (13.8 min): eps=1.0 N=100 beta=1.0 seed=2 random: sizes=[34, 33, 33] converged at t=200
[E3] 314/780 done (13.8 min): eps=1.0 N=100 beta=1.0 seed=3 random: sizes=[34, 34, 32] converged at t=200
[E3] 315/780 done (13.8 min): eps=1.0 N=100 beta=1.0 seed=4 random: sizes=[34, 33, 33] converged at t=200
[E3] 316/780 done (13.8 min): eps=1.0 N=100 beta=1.0 seed=5 random: sizes=[35, 33, 32] converged at t=200
[E3] 317/780 done (13.8 min): eps=1.0 N=100 beta=1.0 seed=6 random: sizes=[34, 33, 33] converged at t=200
[E3] 318/780 done (13.8 min): eps=1.0 N=100 beta=1.0 seed=7 random: sizes=[34, 34, 32] converged at t=200
[E3] 319/780 done (13.8 min): eps=1.0 N=100 beta=1.0 seed=8 random: sizes=[34, 34, 32] converged at t=300
[E3] 320/780 done (13.8 min): eps=1.0 N=100 beta=1.0 seed=9 random: sizes=[34, 33, 33] converged at t=200
[E3] 321/780 done (13.8 min): eps=1.0 N=100 beta=2.0 seed=0 random: sizes=[35, 34, 31] converged at t=200
[E3] 322/780 done (13.8 min): eps=1.0 N=100 beta=2.0 seed=1 random: sizes=[34, 33, 33] converged at t=200
[E3] 323/780 done (13.8 min): eps=1.0 N=100 beta=2.0 seed=2 random: sizes=[34, 33, 33] converged at t=200
[E3] 324/780 done (13.8 min): eps=1.0 N=100 beta=2.0 seed=3 random: sizes=[35, 34, 31] converged at t=300
[E3] 325/780 done (13.8 min): eps=1.0 N=100 beta=2.0 seed=4 random: sizes=[34, 34, 32] converged at t=200
[E3] 326/780 done (13.8 min): eps=1.0 N=100 beta=2.0 seed=5 random: sizes=[35, 33, 32] converged at t=200
[E3] 327/780 done (13.8 min): eps=1.0 N=100 beta=2.0 seed=6 random: sizes=[34, 33, 33] converged at t=200
[E3] 328/780 done (13.8 min): eps=1.0 N=100 beta=2.0 seed=7 random: sizes=[35, 33, 32] converged at t=200
[E3] 329/780 done (13.8 min): eps=1.0 N=100 beta=2.0 seed=8 random: sizes=[35, 33, 32] converged at t=200
[E3] 330/780 done (13.8 min): eps=1.0 N=100 beta=2.0 seed=9 random: sizes=[34, 34, 32] converged at t=200
[E3] 331/780 done (13.9 min): eps=0.3 N=90 beta=0.5 seed=0 random: sizes=[31, 30, 29] converged at t=1700
[E3] 332/780 done (13.9 min): eps=0.3 N=90 beta=0.5 seed=2 random: sizes=[30, 30, 30] converged at t=700
[E3] 333/780 done (13.9 min): eps=0.3 N=90 beta=0.5 seed=3 random: sizes=[30, 30, 30] converged at t=700
[E3] 334/780 done (13.9 min): eps=0.3 N=90 beta=0.5 seed=1 random: sizes=[30, 30, 29, 1] NOT converged by t=3000
[E3] 335/780 done (13.9 min): eps=0.3 N=90 beta=0.5 seed=4 random: sizes=[31, 30, 29] converged at t=1500
[E3] 336/780 done (13.9 min): eps=0.3 N=90 beta=0.5 seed=6 random: sizes=[31, 30, 29] converged at t=1300
[E3] 337/780 done (13.9 min): eps=0.3 N=90 beta=0.5 seed=5 random: sizes=[30, 29, 29, 1, 1] NOT converged by t=3000
[E3] 338/780 done (14.0 min): eps=0.3 N=90 beta=0.5 seed=8 random: sizes=[30, 30, 30] converged at t=800
[E3] 339/780 done (14.0 min): eps=0.3 N=90 beta=0.5 seed=7 random: sizes=[31, 30, 29] converged at t=1400
[E3] 340/780 done (14.0 min): eps=0.3 N=90 beta=1.0 seed=0 random: sizes=[30, 30, 30] converged at t=700
[E3] 341/780 done (14.0 min): eps=0.3 N=90 beta=0.5 seed=9 random: sizes=[31, 30, 29] NOT converged by t=3000
[E3] 342/780 done (14.1 min): eps=0.3 N=90 beta=1.0 seed=2 random: sizes=[30, 30, 30] converged at t=700
[E3] 343/780 done (14.1 min): eps=0.3 N=90 beta=1.0 seed=1 random: sizes=[30, 30, 29, 1] NOT converged by t=3000
[E3] 344/780 done (14.1 min): eps=0.3 N=90 beta=1.0 seed=3 random: sizes=[30, 30, 29, 1] NOT converged by t=3000
[E3] 345/780 done (14.1 min): eps=0.3 N=90 beta=1.0 seed=4 random: sizes=[30, 30, 29, 1] NOT converged by t=3000
[E3] 346/780 done (14.1 min): eps=0.3 N=90 beta=1.0 seed=6 random: sizes=[31, 30, 29] converged at t=1200
[E3] 347/780 done (14.2 min): eps=0.3 N=90 beta=1.0 seed=7 random: sizes=[31, 30, 29] converged at t=900
[E3] 348/780 done (14.2 min): eps=0.3 N=90 beta=1.0 seed=5 random: sizes=[30, 30, 29, 1] NOT converged by t=3000
[E3] 349/780 done (14.2 min): eps=0.3 N=90 beta=1.0 seed=9 random: sizes=[30, 30, 30] converged at t=600
[E3] 350/780 done (14.2 min): eps=0.3 N=90 beta=2.0 seed=0 random: sizes=[30, 30, 30] converged at t=600
[E3] 351/780 done (14.2 min): eps=0.3 N=90 beta=2.0 seed=1 random: sizes=[30, 30, 30] converged at t=800
[E3] 352/780 done (14.2 min): eps=0.3 N=90 beta=1.0 seed=8 random: sizes=[30, 30, 29, 1] NOT converged by t=3000
[E3] 353/780 done (14.2 min): eps=0.3 N=90 beta=2.0 seed=2 random: sizes=[30, 30, 30] converged at t=700
[E3] 354/780 done (14.2 min): eps=0.3 N=90 beta=2.0 seed=4 random: sizes=[30, 30, 30] converged at t=600
[E3] 355/780 done (14.3 min): eps=0.3 N=90 beta=2.0 seed=5 random: sizes=[30, 30, 30] converged at t=600
[E3] 356/780 done (14.3 min): eps=0.3 N=90 beta=2.0 seed=3 random: sizes=[31, 29, 29, 1] NOT converged by t=3000
[E3] 357/780 done (14.3 min): eps=0.3 N=90 beta=2.0 seed=7 random: sizes=[31, 30, 29] converged at t=800
[E3] 358/780 done (14.3 min): eps=0.3 N=90 beta=2.0 seed=6 random: sizes=[30, 30, 29, 1] NOT converged by t=3000
[E3] 359/780 done (14.4 min): eps=0.3 N=90 beta=2.0 seed=8 random: sizes=[31, 30, 29] converged at t=2700
[E3] 360/780 done (14.4 min): eps=0.3 N=90 beta=2.0 seed=9 random: sizes=[31, 30, 29] NOT converged by t=3000
[E3] 361/780 done (14.4 min): eps=0.6 N=90 beta=0.5 seed=0 random: sizes=[32, 30, 28] converged at t=1500
[E3] 362/780 done (14.4 min): eps=0.6 N=90 beta=0.5 seed=2 random: sizes=[31, 30, 29] converged at t=300
[E3] 363/780 done (14.4 min): eps=0.6 N=90 beta=0.5 seed=3 random: sizes=[31, 30, 29] converged at t=400
[E3] 364/780 done (14.4 min): eps=0.6 N=90 beta=0.5 seed=4 random: sizes=[30, 30, 30] converged at t=400
[E3] 365/780 done (14.4 min): eps=0.6 N=90 beta=0.5 seed=5 random: sizes=[31, 30, 29] converged at t=300
[E3] 366/780 done (14.4 min): eps=0.6 N=90 beta=0.5 seed=6 random: sizes=[32, 30, 28] converged at t=1100
[E3] 367/780 done (14.4 min): eps=0.6 N=90 beta=0.5 seed=1 random: sizes=[31, 31, 28] NOT converged by t=3000
[E3] 368/780 done (14.4 min): eps=0.6 N=90 beta=0.5 seed=7 random: sizes=[30, 30, 30] converged at t=300
[E3] 369/780 done (14.5 min): eps=0.6 N=90 beta=0.5 seed=9 random: sizes=[31, 30, 29] converged at t=400
[E3] 370/780 done (14.5 min): eps=0.6 N=90 beta=0.5 seed=8 random: sizes=[31, 30, 29] converged at t=300
[E3] 371/780 done (14.5 min): eps=0.6 N=90 beta=1.0 seed=1 random: sizes=[31, 30, 29] converged at t=600
[E3] 372/780 done (14.5 min): eps=0.6 N=90 beta=1.0 seed=2 random: sizes=[31, 30, 29] converged at t=300
[E3] 373/780 done (14.5 min): eps=0.6 N=90 beta=1.0 seed=3 random: sizes=[31, 30, 29] converged at t=400
[E3] 374/780 done (14.5 min): eps=0.6 N=90 beta=1.0 seed=4 random: sizes=[31, 30, 29] converged at t=400
[E3] 375/780 done (14.5 min): eps=0.6 N=90 beta=1.0 seed=5 random: sizes=[31, 30, 29] converged at t=300
[E3] 376/780 done (14.5 min): eps=0.6 N=90 beta=1.0 seed=6 random: sizes=[32, 29, 29] converged at t=500
[E3] 377/780 done (14.5 min): eps=0.6 N=90 beta=1.0 seed=7 random: sizes=[30, 30, 30] converged at t=300
[E3] 378/780 done (14.5 min): eps=0.6 N=90 beta=1.0 seed=0 random: sizes=[31, 31, 28] NOT converged by t=3000
[E3] 379/780 done (14.5 min): eps=0.6 N=90 beta=1.0 seed=8 random: sizes=[31, 30, 29] converged at t=300
[E3] 380/780 done (14.5 min): eps=0.6 N=90 beta=1.0 seed=9 random: sizes=[31, 30, 29] converged at t=300
[E3] 381/780 done (14.5 min): eps=0.6 N=90 beta=2.0 seed=0 random: sizes=[31, 31, 28] converged at t=700
[E3] 382/780 done (14.5 min): eps=0.6 N=90 beta=2.0 seed=2 random: sizes=[30, 30, 30] converged at t=300
[E3] 383/780 done (14.5 min): eps=0.6 N=90 beta=2.0 seed=3 random: sizes=[31, 30, 29] converged at t=300
[E3] 384/780 done (14.5 min): eps=0.6 N=90 beta=2.0 seed=4 random: sizes=[31, 30, 29] converged at t=300
[E3] 385/780 done (14.6 min): eps=0.6 N=90 beta=2.0 seed=5 random: sizes=[31, 30, 29] converged at t=300
[E3] 386/780 done (14.6 min): eps=0.6 N=90 beta=2.0 seed=6 random: sizes=[31, 30, 29] converged at t=400
[E3] 387/780 done (14.6 min): eps=0.6 N=90 beta=2.0 seed=7 random: sizes=[31, 30, 29] converged at t=300
[E3] 388/780 done (14.6 min): eps=0.6 N=90 beta=2.0 seed=8 random: sizes=[31, 30, 29] converged at t=300
[E3] 389/780 done (14.6 min): eps=0.6 N=90 beta=2.0 seed=1 random: sizes=[30, 30, 28, 2] NOT converged by t=3000
[E3] 390/780 done (14.6 min): eps=0.6 N=90 beta=2.0 seed=9 random: sizes=[31, 30, 29] converged at t=400
[E3] 391/780 done (14.6 min): eps=1.0 N=90 beta=0.5 seed=0 random: sizes=[31, 30, 29] converged at t=200
[E3] 392/780 done (14.6 min): eps=1.0 N=90 beta=0.5 seed=1 random: sizes=[31, 30, 29] converged at t=200
[E3] 393/780 done (14.6 min): eps=1.0 N=90 beta=0.5 seed=2 random: sizes=[31, 30, 29] converged at t=200
[E3] 394/780 done (14.6 min): eps=1.0 N=90 beta=0.5 seed=3 random: sizes=[32, 30, 28] converged at t=200
[E3] 395/780 done (14.6 min): eps=1.0 N=90 beta=0.5 seed=4 random: sizes=[30, 30, 30] converged at t=200
[E3] 396/780 done (14.6 min): eps=1.0 N=90 beta=0.5 seed=5 random: sizes=[31, 30, 29] converged at t=300
[E3] 397/780 done (14.6 min): eps=1.0 N=90 beta=0.5 seed=6 random: sizes=[31, 30, 29] converged at t=200
[E3] 398/780 done (14.6 min): eps=1.0 N=90 beta=0.5 seed=7 random: sizes=[31, 30, 29] converged at t=200
[E3] 399/780 done (14.6 min): eps=1.0 N=90 beta=0.5 seed=8 random: sizes=[31, 30, 29] converged at t=200
[E3] 400/780 done (14.6 min): eps=1.0 N=90 beta=0.5 seed=9 random: sizes=[31, 30, 29] converged at t=200
[E3] 401/780 done (14.6 min): eps=1.0 N=90 beta=1.0 seed=0 random: sizes=[31, 30, 29] converged at t=200
[E3] 402/780 done (14.6 min): eps=1.0 N=90 beta=1.0 seed=1 random: sizes=[32, 30, 28] converged at t=200
[E3] 403/780 done (14.6 min): eps=1.0 N=90 beta=1.0 seed=2 random: sizes=[31, 30, 29] converged at t=200
[E3] 404/780 done (14.6 min): eps=1.0 N=90 beta=1.0 seed=3 random: sizes=[31, 31, 28] converged at t=200
[E3] 405/780 done (14.6 min): eps=1.0 N=90 beta=1.0 seed=4 random: sizes=[30, 30, 30] converged at t=200
[E3] 406/780 done (14.6 min): eps=1.0 N=90 beta=1.0 seed=5 random: sizes=[31, 30, 29] converged at t=200
[E3] 407/780 done (14.6 min): eps=1.0 N=90 beta=1.0 seed=6 random: sizes=[31, 31, 28] converged at t=200
[E3] 408/780 done (14.6 min): eps=1.0 N=90 beta=1.0 seed=7 random: sizes=[32, 30, 28] converged at t=300
[E3] 409/780 done (14.6 min): eps=1.0 N=90 beta=1.0 seed=8 random: sizes=[31, 30, 29] converged at t=300
[E3] 410/780 done (14.6 min): eps=1.0 N=90 beta=2.0 seed=0 random: sizes=[32, 29, 29] converged at t=200
[E3] 411/780 done (14.6 min): eps=1.0 N=90 beta=1.0 seed=9 random: sizes=[31, 30, 29] converged at t=200
[E3] 412/780 done (14.6 min): eps=1.0 N=90 beta=2.0 seed=1 random: sizes=[31, 30, 29] converged at t=200
[E3] 413/780 done (14.6 min): eps=1.0 N=90 beta=2.0 seed=2 random: sizes=[31, 30, 29] converged at t=200
[E3] 414/780 done (14.6 min): eps=1.0 N=90 beta=2.0 seed=3 random: sizes=[32, 29, 29] converged at t=200
[E3] 415/780 done (14.6 min): eps=1.0 N=90 beta=2.0 seed=4 random: sizes=[31, 30, 29] converged at t=200
[E3] 416/780 done (14.6 min): eps=1.0 N=90 beta=2.0 seed=6 random: sizes=[32, 30, 28] converged at t=200
[E3] 417/780 done (14.6 min): eps=1.0 N=90 beta=2.0 seed=5 random: sizes=[31, 30, 29] converged at t=200
[E3] 418/780 done (14.6 min): eps=1.0 N=90 beta=2.0 seed=8 random: sizes=[31, 30, 29] converged at t=200
[E3] 419/780 done (14.6 min): eps=1.0 N=90 beta=2.0 seed=7 random: sizes=[32, 30, 28] converged at t=300
[E3] 420/780 done (14.6 min): eps=1.0 N=90 beta=2.0 seed=9 random: sizes=[31, 30, 29] converged at t=200
[E3] 421/780 done (14.7 min): eps=0.1 N=30 beta=0.5 seed=0 random: sizes=[10, 10, 10] converged at t=2800
[E3] 422/780 done (14.7 min): eps=0.1 N=30 beta=0.5 seed=1 random: sizes=[10, 10, 10] converged at t=2800
[E3] 423/780 done (14.7 min): eps=0.1 N=30 beta=0.5 seed=3 random: sizes=[10, 10, 10] converged at t=2500
[E3] 424/780 done (14.7 min): eps=0.1 N=30 beta=0.5 seed=2 random: sizes=[10, 10, 10] converged at t=2800
[E3] 425/780 done (14.7 min): eps=0.1 N=30 beta=0.5 seed=4 random: sizes=[10, 10, 10] converged at t=3000
[E3] 426/780 done (14.7 min): eps=0.1 N=30 beta=0.5 seed=5 random: sizes=[10, 10, 10] converged at t=3200
[E3] 427/780 done (14.7 min): eps=0.1 N=30 beta=0.5 seed=6 random: sizes=[10, 10, 10] converged at t=2500
[E3] 428/780 done (14.7 min): eps=0.1 N=30 beta=0.5 seed=7 random: sizes=[10, 10, 10] converged at t=3100
[E3] 429/780 done (14.8 min): eps=0.1 N=30 beta=0.5 seed=9 random: sizes=[10, 10, 10] converged at t=3300
[E3] 430/780 done (14.8 min): eps=0.1 N=30 beta=0.5 seed=8 random: sizes=[10, 10, 10] converged at t=3800
[E3] 431/780 done (14.8 min): eps=0.1 N=30 beta=1.0 seed=1 random: sizes=[10, 10, 10] converged at t=2600
[E3] 432/780 done (14.8 min): eps=0.1 N=30 beta=1.0 seed=0 random: sizes=[10, 10, 10] converged at t=3100
[E3] 433/780 done (14.8 min): eps=0.1 N=30 beta=1.0 seed=2 random: sizes=[10, 10, 10] converged at t=2400
[E3] 434/780 done (14.8 min): eps=0.1 N=30 beta=1.0 seed=3 random: sizes=[10, 10, 10] converged at t=2400
[E3] 435/780 done (14.8 min): eps=0.1 N=30 beta=1.0 seed=4 random: sizes=[10, 10, 10] converged at t=2800
[E3] 436/780 done (14.8 min): eps=0.1 N=30 beta=1.0 seed=5 random: sizes=[10, 10, 10] converged at t=3000
[E3] 437/780 done (14.8 min): eps=0.1 N=30 beta=1.0 seed=6 random: sizes=[10, 10, 10] converged at t=2500
[E3] 438/780 done (14.8 min): eps=0.1 N=30 beta=1.0 seed=7 random: sizes=[10, 10, 10] converged at t=3200
[E3] 439/780 done (14.9 min): eps=0.1 N=30 beta=1.0 seed=8 random: sizes=[10, 10, 10] converged at t=4200
[E3] 440/780 done (14.9 min): eps=0.1 N=30 beta=1.0 seed=9 random: sizes=[10, 10, 10] converged at t=2800
[E3] 441/780 done (14.9 min): eps=0.1 N=30 beta=2.0 seed=1 random: sizes=[10, 10, 10] converged at t=3000
[E3] 442/780 done (14.9 min): eps=0.1 N=30 beta=2.0 seed=0 random: sizes=[10, 10, 10] converged at t=3500
[E3] 443/780 done (14.9 min): eps=0.1 N=30 beta=2.0 seed=2 random: sizes=[10, 10, 10] converged at t=2200
[E3] 444/780 done (14.9 min): eps=0.1 N=30 beta=2.0 seed=3 random: sizes=[10, 10, 10] converged at t=2400
[E3] 445/780 done (14.9 min): eps=0.1 N=30 beta=2.0 seed=4 random: sizes=[10, 10, 10] converged at t=2600
[E3] 446/780 done (14.9 min): eps=0.1 N=30 beta=2.0 seed=5 random: sizes=[10, 10, 10] converged at t=2400
[E3] 447/780 done (14.9 min): eps=0.1 N=30 beta=2.0 seed=6 random: sizes=[10, 10, 10] converged at t=2700
[E3] 448/780 done (14.9 min): eps=0.1 N=30 beta=2.0 seed=7 random: sizes=[10, 10, 10] converged at t=3300
[E3] 449/780 done (14.9 min): eps=0.1 N=30 beta=2.0 seed=9 random: sizes=[10, 10, 10] converged at t=2200
[E3] 450/780 done (15.0 min): eps=0.1 N=30 beta=2.0 seed=8 random: sizes=[10, 10, 10] converged at t=4400
[E3] 451/780 done (15.0 min): eps=0.3 N=61 beta=0.5 seed=0 random: sizes=[21, 20, 20] converged at t=1100
[E3] 452/780 done (15.0 min): eps=0.3 N=61 beta=0.5 seed=1 random: sizes=[21, 20, 20] converged at t=900
[E3] 453/780 done (15.0 min): eps=0.3 N=61 beta=0.5 seed=2 random: sizes=[21, 20, 20] converged at t=1200
[E3] 454/780 done (15.0 min): eps=0.3 N=61 beta=0.5 seed=3 random: sizes=[21, 20, 20] converged at t=900
[E3] 455/780 done (15.0 min): eps=0.3 N=61 beta=0.5 seed=5 random: sizes=[21, 20, 20] converged at t=700
[E3] 456/780 done (15.0 min): eps=0.3 N=61 beta=0.5 seed=4 random: sizes=[21, 20, 20] converged at t=1100
[E3] 457/780 done (15.0 min): eps=0.3 N=61 beta=0.5 seed=6 random: sizes=[21, 20, 20] converged at t=1200
[E3] 458/780 done (15.0 min): eps=0.3 N=61 beta=0.5 seed=7 random: sizes=[21, 20, 20] converged at t=2000
[E3] 459/780 done (15.0 min): eps=0.3 N=61 beta=0.5 seed=8 random: sizes=[21, 20, 20] converged at t=1800
[E3] 460/780 done (15.0 min): eps=0.3 N=61 beta=0.5 seed=9 random: sizes=[21, 20, 20] converged at t=1300
[E3] 461/780 done (15.0 min): eps=0.3 N=61 beta=1.0 seed=0 random: sizes=[21, 20, 20] converged at t=800
[E3] 462/780 done (15.0 min): eps=0.3 N=61 beta=1.0 seed=1 random: sizes=[21, 20, 20] converged at t=1000
[E3] 463/780 done (15.0 min): eps=0.3 N=61 beta=1.0 seed=2 random: sizes=[21, 20, 20] converged at t=1000
[E3] 464/780 done (15.0 min): eps=0.3 N=61 beta=1.0 seed=3 random: sizes=[21, 20, 20] converged at t=800
[E3] 465/780 done (15.1 min): eps=0.3 N=61 beta=1.0 seed=4 random: sizes=[21, 20, 20] converged at t=800
[E3] 466/780 done (15.1 min): eps=0.3 N=61 beta=1.0 seed=5 random: sizes=[21, 20, 20] converged at t=700
[E3] 467/780 done (15.1 min): eps=0.3 N=61 beta=1.0 seed=6 random: sizes=[21, 20, 20] converged at t=1000
[E3] 468/780 done (15.1 min): eps=0.3 N=61 beta=1.0 seed=7 random: sizes=[21, 20, 20] converged at t=1200
[E3] 469/780 done (15.1 min): eps=0.3 N=61 beta=1.0 seed=8 random: sizes=[21, 20, 20] converged at t=1200
[E3] 470/780 done (15.1 min): eps=0.3 N=61 beta=1.0 seed=9 random: sizes=[21, 20, 20] converged at t=1200
[E3] 471/780 done (15.1 min): eps=0.3 N=61 beta=2.0 seed=0 random: sizes=[21, 20, 20] converged at t=600
[E3] 472/780 done (15.1 min): eps=0.3 N=61 beta=2.0 seed=2 random: sizes=[21, 20, 20] converged at t=700
[E3] 473/780 done (15.1 min): eps=0.3 N=61 beta=2.0 seed=1 random: sizes=[21, 20, 20] converged at t=1100
[E3] 474/780 done (15.1 min): eps=0.3 N=61 beta=2.0 seed=3 random: sizes=[21, 20, 20] converged at t=700
[E3] 475/780 done (15.1 min): eps=0.3 N=61 beta=2.0 seed=4 random: sizes=[21, 20, 20] converged at t=700
[E3] 476/780 done (15.1 min): eps=0.3 N=61 beta=2.0 seed=5 random: sizes=[21, 20, 20] converged at t=700
[E3] 477/780 done (15.1 min): eps=0.3 N=61 beta=2.0 seed=6 random: sizes=[21, 20, 20] converged at t=700
[E3] 478/780 done (15.1 min): eps=0.3 N=61 beta=2.0 seed=7 random: sizes=[21, 20, 20] converged at t=800
[E3] 479/780 done (15.1 min): eps=0.3 N=61 beta=2.0 seed=8 random: sizes=[21, 20, 20] converged at t=900
[E3] 480/780 done (15.1 min): eps=0.3 N=61 beta=2.0 seed=9 random: sizes=[21, 20, 20] converged at t=600
[E3] 481/780 done (15.1 min): eps=0.6 N=61 beta=0.5 seed=0 random: sizes=[21, 20, 20] converged at t=400
[E3] 482/780 done (15.1 min): eps=0.6 N=61 beta=0.5 seed=1 random: sizes=[21, 20, 20] converged at t=300
[E3] 483/780 done (15.1 min): eps=0.6 N=61 beta=0.5 seed=2 random: sizes=[21, 20, 20] converged at t=300
[E3] 484/780 done (15.1 min): eps=0.6 N=61 beta=0.5 seed=3 random: sizes=[21, 20, 20] converged at t=300
[E3] 485/780 done (15.1 min): eps=0.6 N=61 beta=0.5 seed=4 random: sizes=[21, 20, 20] converged at t=300
[E3] 486/780 done (15.1 min): eps=0.6 N=61 beta=0.5 seed=5 random: sizes=[21, 20, 20] converged at t=300
[E3] 487/780 done (15.1 min): eps=0.6 N=61 beta=0.5 seed=7 random: sizes=[21, 20, 20] converged at t=300
[E3] 488/780 done (15.1 min): eps=0.6 N=61 beta=0.5 seed=8 random: sizes=[21, 20, 20] converged at t=500
[E3] 489/780 done (15.1 min): eps=0.6 N=61 beta=0.5 seed=6 random: sizes=[21, 21, 19] converged at t=1000
[E3] 490/780 done (15.2 min): eps=0.6 N=61 beta=0.5 seed=9 random: sizes=[21, 20, 20] converged at t=400
[E3] 491/780 done (15.2 min): eps=0.6 N=61 beta=1.0 seed=0 random: sizes=[21, 21, 19] converged at t=1400
[E3] 492/780 done (15.2 min): eps=0.6 N=61 beta=1.0 seed=2 random: sizes=[21, 20, 20] converged at t=300
[E3] 493/780 done (15.2 min): eps=0.6 N=61 beta=1.0 seed=3 random: sizes=[21, 20, 20] converged at t=300
[E3] 494/780 done (15.2 min): eps=0.6 N=61 beta=1.0 seed=4 random: sizes=[21, 20, 20] converged at t=300
[E3] 495/780 done (15.2 min): eps=0.6 N=61 beta=1.0 seed=5 random: sizes=[21, 20, 20] converged at t=300
[E3] 496/780 done (15.2 min): eps=0.6 N=61 beta=1.0 seed=1 random: sizes=[21, 21, 19] converged at t=2200
[E3] 497/780 done (15.2 min): eps=0.6 N=61 beta=1.0 seed=7 random: sizes=[21, 20, 20] converged at t=300
[E3] 498/780 done (15.2 min): eps=0.6 N=61 beta=1.0 seed=8 random: sizes=[21, 20, 20] converged at t=300
[E3] 499/780 done (15.2 min): eps=0.6 N=61 beta=1.0 seed=6 random: sizes=[22, 20, 19] converged at t=1000
[E3] 500/780 done (15.2 min): eps=0.6 N=61 beta=1.0 seed=9 random: sizes=[21, 21, 19] converged at t=1900
[E3] 501/780 done (15.2 min): eps=0.6 N=61 beta=2.0 seed=0 random: sizes=[21, 21, 19] converged at t=1700
[E3] 502/780 done (15.2 min): eps=0.6 N=61 beta=2.0 seed=1 random: sizes=[21, 20, 20] converged at t=300
[E3] 503/780 done (15.2 min): eps=0.6 N=61 beta=2.0 seed=2 random: sizes=[21, 20, 20] converged at t=300
[E3] 504/780 done (15.2 min): eps=0.6 N=61 beta=2.0 seed=4 random: sizes=[21, 20, 20] converged at t=300
[E3] 505/780 done (15.2 min): eps=0.6 N=61 beta=2.0 seed=3 random: sizes=[22, 20, 19] converged at t=600
[E3] 506/780 done (15.2 min): eps=0.6 N=61 beta=2.0 seed=5 random: sizes=[21, 20, 20] converged at t=300
[E3] 507/780 done (15.2 min): eps=0.6 N=61 beta=2.0 seed=7 random: sizes=[21, 20, 20] converged at t=300
[E3] 508/780 done (15.2 min): eps=0.6 N=61 beta=2.0 seed=8 random: sizes=[21, 20, 20] converged at t=400
[E3] 509/780 done (15.2 min): eps=0.6 N=61 beta=2.0 seed=6 random: sizes=[22, 20, 19] converged at t=900
[E3] 510/780 done (15.2 min): eps=1.0 N=61 beta=0.5 seed=0 random: sizes=[22, 20, 19] converged at t=200
[E3] 511/780 done (15.2 min): eps=0.6 N=61 beta=2.0 seed=9 random: sizes=[21, 20, 20] converged at t=300
[E3] 512/780 done (15.2 min): eps=1.0 N=61 beta=0.5 seed=1 random: sizes=[22, 20, 19] converged at t=200
[E3] 513/780 done (15.2 min): eps=1.0 N=61 beta=0.5 seed=2 random: sizes=[21, 21, 19] converged at t=300
[E3] 514/780 done (15.2 min): eps=1.0 N=61 beta=0.5 seed=3 random: sizes=[21, 20, 20] converged at t=200
[E3] 515/780 done (15.2 min): eps=1.0 N=61 beta=0.5 seed=4 random: sizes=[22, 20, 19] converged at t=300
[E3] 516/780 done (15.2 min): eps=1.0 N=61 beta=0.5 seed=5 random: sizes=[22, 21, 18] converged at t=300
[E3] 517/780 done (15.2 min): eps=1.0 N=61 beta=0.5 seed=7 random: sizes=[21, 20, 20] converged at t=200
[E3] 518/780 done (15.2 min): eps=1.0 N=61 beta=0.5 seed=6 random: sizes=[22, 20, 19] converged at t=300
[E3] 519/780 done (15.2 min): eps=1.0 N=61 beta=0.5 seed=8 random: sizes=[22, 20, 19] converged at t=200
[E3] 520/780 done (15.2 min): eps=1.0 N=61 beta=0.5 seed=9 random: sizes=[21, 20, 20] converged at t=200
[E3] 521/780 done (15.3 min): eps=1.0 N=61 beta=1.0 seed=0 random: sizes=[22, 20, 19] converged at t=200
[E3] 522/780 done (15.3 min): eps=1.0 N=61 beta=1.0 seed=1 random: sizes=[21, 21, 19] converged at t=200
[E3] 523/780 done (15.3 min): eps=1.0 N=61 beta=1.0 seed=3 random: sizes=[21, 20, 20] converged at t=200
[E3] 524/780 done (15.3 min): eps=1.0 N=61 beta=1.0 seed=2 random: sizes=[21, 20, 20] converged at t=200
[E3] 525/780 done (15.3 min): eps=1.0 N=61 beta=1.0 seed=4 random: sizes=[21, 20, 20] converged at t=200
[E3] 526/780 done (15.3 min): eps=1.0 N=61 beta=1.0 seed=5 random: sizes=[21, 20, 20] converged at t=200
[E3] 527/780 done (15.3 min): eps=1.0 N=61 beta=1.0 seed=7 random: sizes=[21, 20, 20] converged at t=200
[E3] 528/780 done (15.3 min): eps=1.0 N=61 beta=1.0 seed=6 random: sizes=[22, 20, 19] converged at t=200
[E3] 529/780 done (15.3 min): eps=1.0 N=61 beta=1.0 seed=9 random: sizes=[21, 20, 20] converged at t=200
[E3] 530/780 done (15.3 min): eps=1.0 N=61 beta=1.0 seed=8 random: sizes=[22, 20, 19] converged at t=200
[E3] 531/780 done (15.3 min): eps=1.0 N=61 beta=2.0 seed=0 random: sizes=[21, 20, 20] converged at t=200
[E3] 532/780 done (15.3 min): eps=1.0 N=61 beta=2.0 seed=1 random: sizes=[22, 21, 18] converged at t=400
[E3] 533/780 done (15.3 min): eps=1.0 N=61 beta=2.0 seed=2 random: sizes=[21, 20, 20] converged at t=200
[E3] 534/780 done (15.3 min): eps=1.0 N=61 beta=2.0 seed=3 random: sizes=[22, 20, 19] converged at t=200
[E3] 535/780 done (15.3 min): eps=1.0 N=61 beta=2.0 seed=4 random: sizes=[21, 20, 20] converged at t=200
[E3] 536/780 done (15.3 min): eps=1.0 N=61 beta=2.0 seed=5 random: sizes=[21, 20, 20] converged at t=200
[E3] 537/780 done (15.3 min): eps=1.0 N=61 beta=2.0 seed=6 random: sizes=[22, 20, 19] converged at t=200
[E3] 538/780 done (15.3 min): eps=1.0 N=61 beta=2.0 seed=7 random: sizes=[22, 20, 19] converged at t=200
[E3] 539/780 done (15.3 min): eps=1.0 N=61 beta=2.0 seed=8 random: sizes=[21, 21, 19] converged at t=200
[E3] 540/780 done (15.3 min): eps=1.0 N=61 beta=2.0 seed=9 random: sizes=[21, 20, 20] converged at t=200
[E3] 541/780 done (15.3 min): eps=0.3 N=60 beta=0.5 seed=0 random: sizes=[20, 20, 20] converged at t=600
[E3] 542/780 done (15.3 min): eps=0.3 N=60 beta=0.5 seed=1 random: sizes=[20, 20, 20] converged at t=600
[E3] 543/780 done (15.3 min): eps=0.3 N=60 beta=0.5 seed=2 random: sizes=[20, 20, 20] converged at t=600
[E3] 544/780 done (15.3 min): eps=0.3 N=60 beta=0.5 seed=4 random: sizes=[21, 20, 19] converged at t=2500
[E3] 545/780 done (15.3 min): eps=0.3 N=60 beta=0.5 seed=3 random: sizes=[21, 20, 19] converged at t=2800
[E3] 546/780 done (15.3 min): eps=0.3 N=60 beta=0.5 seed=5 random: sizes=[20, 20, 20] converged at t=600
[E3] 547/780 done (15.3 min): eps=0.3 N=60 beta=0.5 seed=6 random: sizes=[21, 20, 19] converged at t=1900
[E3] 548/780 done (15.4 min): eps=0.3 N=60 beta=0.5 seed=7 random: sizes=[21, 20, 19] converged at t=2400
[E3] 549/780 done (15.4 min): eps=0.3 N=60 beta=0.5 seed=8 random: sizes=[21, 20, 19] converged at t=2900
[E3] 550/780 done (15.4 min): eps=0.3 N=60 beta=1.0 seed=0 random: sizes=[20, 20, 20] converged at t=600
[E3] 551/780 done (15.4 min): eps=0.3 N=60 beta=0.5 seed=9 random: sizes=[21, 20, 19] converged at t=2600
[E3] 552/780 done (15.4 min): eps=0.3 N=60 beta=1.0 seed=1 random: sizes=[20, 20, 20] converged at t=600
[E3] 553/780 done (15.4 min): eps=0.3 N=60 beta=1.0 seed=2 random: sizes=[20, 20, 20] converged at t=600
[E3] 554/780 done (15.4 min): eps=0.3 N=60 beta=1.0 seed=4 random: sizes=[20, 20, 20] converged at t=600
[E3] 555/780 done (15.4 min): eps=0.3 N=60 beta=1.0 seed=5 random: sizes=[20, 20, 20] converged at t=500
[E3] 556/780 done (15.4 min): eps=0.3 N=60 beta=1.0 seed=6 random: sizes=[21, 20, 19] converged at t=1500
[E3] 557/780 done (15.4 min): eps=0.3 N=60 beta=1.0 seed=3 random: sizes=[20, 20, 19, 1] NOT converged by t=3000
[E3] 558/780 done (15.4 min): eps=0.3 N=60 beta=1.0 seed=8 random: sizes=[20, 20, 20] converged at t=600
[E3] 559/780 done (15.4 min): eps=0.3 N=60 beta=1.0 seed=9 random: sizes=[20, 20, 20] converged at t=700
[E3] 560/780 done (15.4 min): eps=0.3 N=60 beta=1.0 seed=7 random: sizes=[21, 20, 19] converged at t=2100
[E3] 561/780 done (15.5 min): eps=0.3 N=60 beta=2.0 seed=1 random: sizes=[21, 20, 19] converged at t=1100
[E3] 562/780 done (15.5 min): eps=0.3 N=60 beta=2.0 seed=2 random: sizes=[20, 20, 20] converged at t=500
[E3] 563/780 done (15.5 min): eps=0.3 N=60 beta=2.0 seed=0 random: sizes=[21, 20, 19] converged at t=2700
[E3] 564/780 done (15.5 min): eps=0.3 N=60 beta=2.0 seed=4 random: sizes=[20, 20, 20] converged at t=600
[E3] 565/780 done (15.5 min): eps=0.3 N=60 beta=2.0 seed=5 random: sizes=[20, 20, 20] converged at t=500
[E3] 566/780 done (15.5 min): eps=0.3 N=60 beta=2.0 seed=6 random: sizes=[20, 20, 20] converged at t=600
[E3] 567/780 done (15.5 min): eps=0.3 N=60 beta=2.0 seed=7 random: sizes=[20, 20, 20] converged at t=600
[E3] 568/780 done (15.5 min): eps=0.3 N=60 beta=2.0 seed=3 random: sizes=[21, 20, 19] NOT converged by t=3000
[E3] 569/780 done (15.5 min): eps=0.3 N=60 beta=2.0 seed=9 random: sizes=[21, 20, 19] converged at t=900
[E3] 570/780 done (15.5 min): eps=0.6 N=60 beta=0.5 seed=0 random: sizes=[21, 20, 19] converged at t=500
[E3] 571/780 done (15.5 min): eps=0.6 N=60 beta=0.5 seed=1 random: sizes=[21, 20, 19] converged at t=500
[E3] 572/780 done (15.5 min): eps=0.6 N=60 beta=0.5 seed=2 random: sizes=[20, 20, 20] converged at t=300
[E3] 573/780 done (15.5 min): eps=0.3 N=60 beta=2.0 seed=8 random: sizes=[21, 20, 19] converged at t=2900
[E3] 574/780 done (15.5 min): eps=0.6 N=60 beta=0.5 seed=4 random: sizes=[21, 20, 19] converged at t=400
[E3] 575/780 done (15.5 min): eps=0.6 N=60 beta=0.5 seed=3 random: sizes=[21, 20, 19] converged at t=600
[E3] 576/780 done (15.5 min): eps=0.6 N=60 beta=0.5 seed=5 random: sizes=[20, 20, 20] converged at t=300
[E3] 577/780 done (15.5 min): eps=0.6 N=60 beta=0.5 seed=6 random: sizes=[20, 20, 20] converged at t=400
[E3] 578/780 done (15.5 min): eps=0.6 N=60 beta=0.5 seed=7 random: sizes=[21, 20, 19] converged at t=400
[E3] 579/780 done (15.5 min): eps=0.6 N=60 beta=0.5 seed=8 random: sizes=[21, 20, 19] converged at t=500
[E3] 580/780 done (15.6 min): eps=0.6 N=60 beta=0.5 seed=9 random: sizes=[21, 20, 19] converged at t=400
[E3] 581/780 done (15.6 min): eps=0.6 N=60 beta=1.0 seed=0 random: sizes=[21, 20, 19] converged at t=400
[E3] 582/780 done (15.6 min): eps=0.6 N=60 beta=1.0 seed=1 random: sizes=[20, 20, 20] converged at t=300
[E3] 583/780 done (15.6 min): eps=0.6 N=60 beta=1.0 seed=2 random: sizes=[20, 20, 20] converged at t=300
[E3] 584/780 done (15.6 min): eps=0.6 N=60 beta=1.0 seed=4 random: sizes=[21, 20, 19] converged at t=300
[E3] 585/780 done (15.6 min): eps=0.6 N=60 beta=1.0 seed=3 random: sizes=[22, 19, 19] converged at t=500
[E3] 586/780 done (15.6 min): eps=0.6 N=60 beta=1.0 seed=5 random: sizes=[20, 20, 20] converged at t=300
[E3] 587/780 done (15.6 min): eps=0.6 N=60 beta=1.0 seed=6 random: sizes=[21, 20, 19] converged at t=500
[E3] 588/780 done (15.6 min): eps=0.6 N=60 beta=1.0 seed=7 random: sizes=[21, 20, 19] converged at t=400
[E3] 589/780 done (15.6 min): eps=0.6 N=60 beta=1.0 seed=8 random: sizes=[21, 20, 19] converged at t=500
[E3] 590/780 done (15.6 min): eps=0.6 N=60 beta=1.0 seed=9 random: sizes=[21, 20, 19] converged at t=400
[E3] 591/780 done (15.6 min): eps=0.6 N=60 beta=2.0 seed=0 random: sizes=[21, 20, 19] converged at t=400
[E3] 592/780 done (15.6 min): eps=0.6 N=60 beta=2.0 seed=1 random: sizes=[21, 20, 19] converged at t=400
[E3] 593/780 done (15.6 min): eps=0.6 N=60 beta=2.0 seed=2 random: sizes=[21, 20, 19] converged at t=300
[E3] 594/780 done (15.6 min): eps=0.6 N=60 beta=2.0 seed=3 random: sizes=[22, 19, 19] converged at t=500
[E3] 595/780 done (15.6 min): eps=0.6 N=60 beta=2.0 seed=4 random: sizes=[21, 20, 19] converged at t=400
[E3] 596/780 done (15.6 min): eps=0.6 N=60 beta=2.0 seed=5 random: sizes=[20, 20, 20] converged at t=300
[E3] 597/780 done (15.6 min): eps=0.6 N=60 beta=2.0 seed=6 random: sizes=[21, 20, 19] converged at t=400
[E3] 598/780 done (15.6 min): eps=0.6 N=60 beta=2.0 seed=7 random: sizes=[21, 20, 19] converged at t=500
[E3] 599/780 done (15.6 min): eps=0.6 N=60 beta=2.0 seed=8 random: sizes=[21, 20, 19] converged at t=300
[E3] 600/780 done (15.6 min): eps=0.6 N=60 beta=2.0 seed=9 random: sizes=[20, 20, 20] converged at t=300
[E3] 601/780 done (15.6 min): eps=1.0 N=60 beta=0.5 seed=0 random: sizes=[21, 20, 19] converged at t=200
[E3] 602/780 done (15.6 min): eps=1.0 N=60 beta=0.5 seed=1 random: sizes=[21, 20, 19] converged at t=200
[E3] 603/780 done (15.6 min): eps=1.0 N=60 beta=0.5 seed=2 random: sizes=[21, 20, 19] converged at t=200
[E3] 604/780 done (15.6 min): eps=1.0 N=60 beta=0.5 seed=3 random: sizes=[21, 20, 19] converged at t=200
[E3] 605/780 done (15.6 min): eps=1.0 N=60 beta=0.5 seed=4 random: sizes=[21, 20, 19] converged at t=200
[E3] 606/780 done (15.6 min): eps=1.0 N=60 beta=0.5 seed=5 random: sizes=[21, 20, 19] converged at t=200
[E3] 607/780 done (15.6 min): eps=1.0 N=60 beta=0.5 seed=6 random: sizes=[22, 19, 19] converged at t=300
[E3] 608/780 done (15.6 min): eps=1.0 N=60 beta=0.5 seed=7 random: sizes=[21, 20, 19] converged at t=200
[E3] 609/780 done (15.6 min): eps=1.0 N=60 beta=0.5 seed=8 random: sizes=[21, 20, 19] converged at t=200
[E3] 610/780 done (15.6 min): eps=1.0 N=60 beta=0.5 seed=9 random: sizes=[21, 20, 19] converged at t=200
[E3] 611/780 done (15.6 min): eps=1.0 N=60 beta=1.0 seed=0 random: sizes=[21, 20, 19] converged at t=200
[E3] 612/780 done (15.6 min): eps=1.0 N=60 beta=1.0 seed=1 random: sizes=[21, 20, 19] converged at t=200
[E3] 613/780 done (15.6 min): eps=1.0 N=60 beta=1.0 seed=2 random: sizes=[21, 20, 19] converged at t=200
[E3] 614/780 done (15.6 min): eps=1.0 N=60 beta=1.0 seed=3 random: sizes=[21, 20, 19] converged at t=200
[E3] 615/780 done (15.6 min): eps=1.0 N=60 beta=1.0 seed=4 random: sizes=[20, 20, 20] converged at t=200
[E3] 616/780 done (15.6 min): eps=1.0 N=60 beta=1.0 seed=5 random: sizes=[21, 20, 19] converged at t=200
[E3] 617/780 done (15.6 min): eps=1.0 N=60 beta=1.0 seed=6 random: sizes=[21, 20, 19] converged at t=200
[E3] 618/780 done (15.6 min): eps=1.0 N=60 beta=1.0 seed=7 random: sizes=[21, 20, 19] converged at t=200
[E3] 619/780 done (15.6 min): eps=1.0 N=60 beta=1.0 seed=8 random: sizes=[22, 20, 18] converged at t=300
[E3] 620/780 done (15.6 min): eps=1.0 N=60 beta=1.0 seed=9 random: sizes=[20, 20, 20] converged at t=200
[E3] 621/780 done (15.6 min): eps=1.0 N=60 beta=2.0 seed=0 random: sizes=[21, 20, 19] converged at t=200
[E3] 622/780 done (15.6 min): eps=1.0 N=60 beta=2.0 seed=1 random: sizes=[21, 21, 18] converged at t=200
[E3] 623/780 done (15.6 min): eps=1.0 N=60 beta=2.0 seed=3 random: sizes=[22, 19, 19] converged at t=200
[E3] 624/780 done (15.6 min): eps=1.0 N=60 beta=2.0 seed=2 random: sizes=[20, 20, 20] converged at t=200
[E3] 625/780 done (15.6 min): eps=1.0 N=60 beta=2.0 seed=4 random: sizes=[21, 20, 19] converged at t=200
[E3] 626/780 done (15.6 min): eps=1.0 N=60 beta=2.0 seed=5 random: sizes=[21, 20, 19] converged at t=200
[E3] 627/780 done (15.6 min): eps=1.0 N=60 beta=2.0 seed=6 random: sizes=[21, 20, 19] converged at t=200
[E3] 628/780 done (15.6 min): eps=1.0 N=60 beta=2.0 seed=7 random: sizes=[22, 20, 18] converged at t=300
[E3] 629/780 done (15.6 min): eps=1.0 N=60 beta=2.0 seed=8 random: sizes=[22, 19, 19] converged at t=200
[E3] 630/780 done (15.6 min): eps=1.0 N=60 beta=2.0 seed=9 random: sizes=[20, 20, 20] converged at t=200
[E3] 631/780 done (15.7 min): eps=0.3 N=60 beta=1.0 seed=0 cap: sizes=[21, 21, 18] converged at t=2000
[E3] 632/780 done (15.7 min): eps=0.3 N=60 beta=1.0 seed=1 cap: sizes=[21, 20, 19] converged at t=2300
[E3] 633/780 done (15.7 min): eps=0.3 N=60 beta=1.0 seed=2 cap: sizes=[20, 20, 20] converged at t=700
[E3] 634/780 done (15.7 min): eps=0.3 N=60 beta=1.0 seed=3 cap: sizes=[20, 20, 20] converged at t=800
[E3] 635/780 done (15.7 min): eps=0.3 N=60 beta=1.0 seed=4 cap: sizes=[20, 20, 20] converged at t=600
[E3] 636/780 done (15.7 min): eps=0.3 N=60 beta=1.0 seed=6 cap: sizes=[20, 20, 20] converged at t=600
[E3] 637/780 done (15.7 min): eps=0.3 N=60 beta=1.0 seed=7 cap: sizes=[20, 20, 20] converged at t=500
[E3] 638/780 done (15.7 min): eps=0.3 N=60 beta=1.0 seed=8 cap: sizes=[20, 20, 20] converged at t=500
[E3] 639/780 done (15.7 min): eps=0.3 N=60 beta=1.0 seed=5 cap: sizes=[22, 20, 18] converged at t=2300
[E3] 640/780 done (15.7 min): eps=0.3 N=60 beta=1.0 seed=9 cap: sizes=[20, 20, 20] converged at t=700
[E3] 641/780 done (15.7 min): eps=0.6 N=60 beta=1.0 seed=1 cap: sizes=[21, 20, 19] converged at t=500
[E3] 642/780 done (15.7 min): eps=0.6 N=60 beta=1.0 seed=0 cap: sizes=[22, 19, 19] converged at t=600
[E3] 643/780 done (15.7 min): eps=0.6 N=60 beta=1.0 seed=3 cap: sizes=[21, 20, 19] converged at t=500
[E3] 644/780 done (15.7 min): eps=0.6 N=60 beta=1.0 seed=2 cap: sizes=[21, 20, 19] converged at t=600
[E3] 645/780 done (15.7 min): eps=0.6 N=60 beta=1.0 seed=4 cap: sizes=[20, 20, 20] converged at t=300
[E3] 646/780 done (15.7 min): eps=0.6 N=60 beta=1.0 seed=5 cap: sizes=[21, 20, 19] converged at t=400
[E3] 647/780 done (15.7 min): eps=0.6 N=60 beta=1.0 seed=6 cap: sizes=[20, 20, 20] converged at t=300
[E3] 648/780 done (15.7 min): eps=0.6 N=60 beta=1.0 seed=7 cap: sizes=[21, 20, 19] converged at t=400
[E3] 649/780 done (15.7 min): eps=0.6 N=60 beta=1.0 seed=8 cap: sizes=[20, 20, 20] converged at t=300
[E3] 650/780 done (15.7 min): eps=0.6 N=60 beta=1.0 seed=9 cap: sizes=[20, 20, 20] converged at t=300
[E3] 651/780 done (15.7 min): eps=0.3 N=60 beta=1.0 seed=0 pole: sizes=[20, 20, 20] converged at t=800
[E3] 652/780 done (15.7 min): eps=0.3 N=60 beta=1.0 seed=1 pole: sizes=[20, 20, 20] converged at t=600
[E3] 653/780 done (15.7 min): eps=0.3 N=60 beta=1.0 seed=2 pole: sizes=[20, 20, 20] converged at t=600
[E3] 654/780 done (15.7 min): eps=0.3 N=60 beta=1.0 seed=3 pole: sizes=[21, 20, 19] converged at t=1200
[E3] 655/780 done (15.8 min): eps=0.3 N=60 beta=1.0 seed=4 pole: sizes=[21, 20, 19] converged at t=1100
[E3] 656/780 done (15.8 min): eps=0.3 N=60 beta=1.0 seed=5 pole: sizes=[20, 20, 20] converged at t=600
[E3] 657/780 done (15.8 min): eps=0.3 N=60 beta=1.0 seed=6 pole: sizes=[20, 20, 20] converged at t=700
[E3] 658/780 done (15.8 min): eps=0.3 N=60 beta=1.0 seed=7 pole: sizes=[20, 20, 20] converged at t=600
[E3] 659/780 done (15.8 min): eps=0.3 N=60 beta=1.0 seed=8 pole: sizes=[20, 20, 20] converged at t=900
[E3] 660/780 done (15.8 min): eps=0.6 N=60 beta=1.0 seed=0 pole: sizes=[22, 19, 19] converged at t=500
[E3] 661/780 done (15.8 min): eps=0.3 N=60 beta=1.0 seed=9 pole: sizes=[21, 20, 19] converged at t=1600
[E3] 662/780 done (15.8 min): eps=0.6 N=60 beta=1.0 seed=1 pole: sizes=[21, 20, 19] converged at t=400
[E3] 663/780 done (15.8 min): eps=0.6 N=60 beta=1.0 seed=2 pole: sizes=[20, 20, 20] converged at t=300
[E3] 664/780 done (15.8 min): eps=0.6 N=60 beta=1.0 seed=3 pole: sizes=[21, 20, 19] converged at t=400
[E3] 665/780 done (15.8 min): eps=0.6 N=60 beta=1.0 seed=4 pole: sizes=[21, 20, 19] converged at t=400
[E3] 666/780 done (15.8 min): eps=0.6 N=60 beta=1.0 seed=5 pole: sizes=[21, 20, 19] converged at t=400
[E3] 667/780 done (15.8 min): eps=0.6 N=60 beta=1.0 seed=6 pole: sizes=[21, 20, 19] converged at t=400
[E3] 668/780 done (15.8 min): eps=0.6 N=60 beta=1.0 seed=7 pole: sizes=[21, 20, 19] converged at t=500
[E3] 669/780 done (15.8 min): eps=0.6 N=60 beta=1.0 seed=8 pole: sizes=[21, 20, 19] converged at t=400
[E3] 670/780 done (15.8 min): eps=0.6 N=60 beta=1.0 seed=9 pole: sizes=[20, 20, 20] converged at t=300
[E3] 671/780 done (15.8 min): eps=0.3 N=60 beta=1.0 seed=0 ring: sizes=[20, 20, 20] converged at t=600
[E3] 672/780 done (15.8 min): eps=0.3 N=60 beta=1.0 seed=1 ring: sizes=[20, 20, 20] converged at t=500
[E3] 673/780 done (15.8 min): eps=0.3 N=60 beta=1.0 seed=3 ring: sizes=[20, 20, 20] converged at t=700
[E3] 674/780 done (15.8 min): eps=0.3 N=60 beta=1.0 seed=4 ring: sizes=[20, 20, 20] converged at t=600
[E3] 675/780 done (15.8 min): eps=0.3 N=60 beta=1.0 seed=5 ring: sizes=[20, 20, 20] converged at t=500
[E3] 676/780 done (15.8 min): eps=0.3 N=60 beta=1.0 seed=2 ring: sizes=[21, 20, 19] converged at t=1900
[E3] 677/780 done (15.8 min): eps=0.3 N=60 beta=1.0 seed=6 ring: sizes=[21, 20, 19] converged at t=1600
[E3] 678/780 done (15.9 min): eps=0.3 N=60 beta=1.0 seed=7 ring: sizes=[21, 20, 19] converged at t=2100
[E3] 679/780 done (15.9 min): eps=0.3 N=60 beta=1.0 seed=8 ring: sizes=[21, 20, 19] converged at t=1000
[E3] 680/780 done (15.9 min): eps=0.3 N=60 beta=1.0 seed=9 ring: sizes=[20, 20, 20] converged at t=600
[E3] 681/780 done (15.9 min): eps=0.6 N=60 beta=1.0 seed=0 ring: sizes=[21, 20, 19] converged at t=400
[E3] 682/780 done (15.9 min): eps=0.6 N=60 beta=1.0 seed=1 ring: sizes=[21, 20, 19] converged at t=300
[E3] 683/780 done (15.9 min): eps=0.6 N=60 beta=1.0 seed=3 ring: sizes=[20, 20, 20] converged at t=300
[E3] 684/780 done (15.9 min): eps=0.6 N=60 beta=1.0 seed=2 ring: sizes=[21, 20, 19] converged at t=500
[E3] 685/780 done (15.9 min): eps=0.6 N=60 beta=1.0 seed=4 ring: sizes=[21, 20, 19] converged at t=300
[E3] 686/780 done (15.9 min): eps=0.6 N=60 beta=1.0 seed=5 ring: sizes=[21, 20, 19] converged at t=300
[E3] 687/780 done (15.9 min): eps=0.6 N=60 beta=1.0 seed=6 ring: sizes=[21, 20, 19] converged at t=300
[E3] 688/780 done (15.9 min): eps=0.6 N=60 beta=1.0 seed=7 ring: sizes=[21, 20, 19] converged at t=300
[E3] 689/780 done (15.9 min): eps=0.6 N=60 beta=1.0 seed=8 ring: sizes=[21, 20, 19] converged at t=400
[E3] 690/780 done (15.9 min): eps=0.6 N=60 beta=1.0 seed=9 ring: sizes=[21, 20, 19] converged at t=300
[E3] 691/780 done (15.9 min): eps=0.3 N=30 beta=0.5 seed=0 random: sizes=[10, 10, 10] converged at t=500
[E3] 692/780 done (15.9 min): eps=0.3 N=30 beta=0.5 seed=1 random: sizes=[10, 10, 10] converged at t=500
[E3] 693/780 done (15.9 min): eps=0.3 N=30 beta=0.5 seed=2 random: sizes=[10, 10, 10] converged at t=600
[E3] 694/780 done (15.9 min): eps=0.3 N=30 beta=0.5 seed=3 random: sizes=[10, 10, 10] converged at t=500
[E3] 695/780 done (15.9 min): eps=0.3 N=30 beta=0.5 seed=4 random: sizes=[10, 10, 10] converged at t=700
[E3] 696/780 done (15.9 min): eps=0.3 N=30 beta=0.5 seed=5 random: sizes=[10, 10, 10] converged at t=600
[E3] 697/780 done (15.9 min): eps=0.3 N=30 beta=0.5 seed=7 random: sizes=[10, 10, 10] converged at t=500
[E3] 698/780 done (15.9 min): eps=0.3 N=30 beta=0.5 seed=6 random: sizes=[10, 10, 10] converged at t=500
[E3] 699/780 done (15.9 min): eps=0.3 N=30 beta=0.5 seed=8 random: sizes=[10, 10, 10] converged at t=700
[E3] 700/780 done (15.9 min): eps=0.3 N=30 beta=0.5 seed=9 random: sizes=[10, 10, 10] converged at t=700
[E3] 701/780 done (15.9 min): eps=0.3 N=30 beta=1.0 seed=1 random: sizes=[10, 10, 10] converged at t=600
[E3] 702/780 done (15.9 min): eps=0.3 N=30 beta=1.0 seed=0 random: sizes=[10, 10, 10] converged at t=700
[E3] 703/780 done (15.9 min): eps=0.3 N=30 beta=1.0 seed=2 random: sizes=[10, 10, 10] converged at t=500
[E3] 704/780 done (15.9 min): eps=0.3 N=30 beta=1.0 seed=3 random: sizes=[10, 10, 10] converged at t=500
[E3] 705/780 done (15.9 min): eps=0.3 N=30 beta=1.0 seed=4 random: sizes=[10, 10, 10] converged at t=600
[E3] 706/780 done (15.9 min): eps=0.3 N=30 beta=1.0 seed=5 random: sizes=[10, 10, 10] converged at t=500
[E3] 707/780 done (15.9 min): eps=0.3 N=30 beta=1.0 seed=6 random: sizes=[10, 10, 10] converged at t=500
[E3] 708/780 done (15.9 min): eps=0.3 N=30 beta=1.0 seed=7 random: sizes=[10, 10, 10] converged at t=500
[E3] 709/780 done (15.9 min): eps=0.3 N=30 beta=1.0 seed=8 random: sizes=[10, 10, 10] converged at t=600
[E3] 710/780 done (15.9 min): eps=0.3 N=30 beta=1.0 seed=9 random: sizes=[10, 10, 10] converged at t=600
[E3] 711/780 done (15.9 min): eps=0.3 N=30 beta=2.0 seed=1 random: sizes=[10, 10, 10] converged at t=600
[E3] 712/780 done (15.9 min): eps=0.3 N=30 beta=2.0 seed=0 random: sizes=[10, 10, 10] converged at t=800
[E3] 713/780 done (15.9 min): eps=0.3 N=30 beta=2.0 seed=2 random: sizes=[10, 10, 10] converged at t=500
[E3] 714/780 done (15.9 min): eps=0.3 N=30 beta=2.0 seed=3 random: sizes=[10, 10, 10] converged at t=500
[E3] 715/780 done (15.9 min): eps=0.3 N=30 beta=2.0 seed=4 random: sizes=[10, 10, 10] converged at t=500
[E3] 716/780 done (15.9 min): eps=0.3 N=30 beta=2.0 seed=5 random: sizes=[10, 10, 10] converged at t=600
[E3] 717/780 done (15.9 min): eps=0.3 N=30 beta=2.0 seed=6 random: sizes=[10, 10, 10] converged at t=500
[E3] 718/780 done (15.9 min): eps=0.3 N=30 beta=2.0 seed=7 random: sizes=[10, 10, 10] converged at t=500
[E3] 719/780 done (15.9 min): eps=0.3 N=30 beta=2.0 seed=9 random: sizes=[10, 10, 10] converged at t=700
[E3] 720/780 done (15.9 min): eps=0.3 N=30 beta=2.0 seed=8 random: sizes=[10, 10, 10] converged at t=1600
[E3] 721/780 done (15.9 min): eps=0.6 N=30 beta=0.5 seed=0 random: sizes=[10, 10, 10] converged at t=700
[E3] 722/780 done (15.9 min): eps=0.6 N=30 beta=0.5 seed=1 random: sizes=[10, 10, 10] converged at t=400
[E3] 723/780 done (15.9 min): eps=0.6 N=30 beta=0.5 seed=2 random: sizes=[10, 10, 10] converged at t=300
[E3] 724/780 done (16.0 min): eps=0.6 N=30 beta=0.5 seed=3 random: sizes=[10, 10, 10] converged at t=300
[E3] 725/780 done (16.0 min): eps=0.6 N=30 beta=0.5 seed=4 random: sizes=[10, 10, 10] converged at t=300
[E3] 726/780 done (16.0 min): eps=0.6 N=30 beta=0.5 seed=5 random: sizes=[10, 10, 10] converged at t=300
[E3] 727/780 done (16.0 min): eps=0.6 N=30 beta=0.5 seed=6 random: sizes=[10, 10, 10] converged at t=300
[E3] 728/780 done (16.0 min): eps=0.6 N=30 beta=0.5 seed=7 random: sizes=[10, 10, 10] converged at t=500
[E3] 729/780 done (16.0 min): eps=0.6 N=30 beta=0.5 seed=8 random: sizes=[10, 10, 10] converged at t=400
[E3] 730/780 done (16.0 min): eps=0.6 N=30 beta=1.0 seed=0 random: sizes=[10, 10, 10] converged at t=500
[E3] 731/780 done (16.0 min): eps=0.6 N=30 beta=0.5 seed=9 random: sizes=[10, 10, 10] converged at t=600
[E3] 732/780 done (16.0 min): eps=0.6 N=30 beta=1.0 seed=1 random: sizes=[10, 10, 10] converged at t=300
[E3] 733/780 done (16.0 min): eps=0.6 N=30 beta=1.0 seed=2 random: sizes=[10, 10, 10] converged at t=300
[E3] 734/780 done (16.0 min): eps=0.6 N=30 beta=1.0 seed=3 random: sizes=[10, 10, 10] converged at t=300
[E3] 735/780 done (16.0 min): eps=0.6 N=30 beta=1.0 seed=4 random: sizes=[10, 10, 10] converged at t=500
[E3] 736/780 done (16.0 min): eps=0.6 N=30 beta=1.0 seed=5 random: sizes=[10, 10, 10] converged at t=300
[E3] 737/780 done (16.0 min): eps=0.6 N=30 beta=1.0 seed=6 random: sizes=[10, 10, 10] converged at t=300
[E3] 738/780 done (16.0 min): eps=0.6 N=30 beta=1.0 seed=7 random: sizes=[10, 10, 10] converged at t=300
[E3] 739/780 done (16.0 min): eps=0.6 N=30 beta=1.0 seed=8 random: sizes=[10, 10, 10] converged at t=500
[E3] 740/780 done (16.0 min): eps=0.6 N=30 beta=1.0 seed=9 random: sizes=[10, 10, 10] converged at t=500
[E3] 741/780 done (16.0 min): eps=0.6 N=30 beta=2.0 seed=1 random: sizes=[10, 10, 10] converged at t=300
[E3] 742/780 done (16.0 min): eps=0.6 N=30 beta=2.0 seed=0 random: sizes=[10, 10, 10] converged at t=500
[E3] 743/780 done (16.0 min): eps=0.6 N=30 beta=2.0 seed=2 random: sizes=[10, 10, 10] converged at t=300
[E3] 744/780 done (16.0 min): eps=0.6 N=30 beta=2.0 seed=3 random: sizes=[10, 10, 10] converged at t=300
[E3] 745/780 done (16.0 min): eps=0.6 N=30 beta=2.0 seed=5 random: sizes=[10, 10, 10] converged at t=300
[E3] 746/780 done (16.0 min): eps=0.6 N=30 beta=2.0 seed=4 random: sizes=[10, 10, 10] converged at t=600
[E3] 747/780 done (16.0 min): eps=0.6 N=30 beta=2.0 seed=6 random: sizes=[10, 10, 10] converged at t=300
[E3] 748/780 done (16.0 min): eps=0.6 N=30 beta=2.0 seed=7 random: sizes=[10, 10, 10] converged at t=300
[E3] 749/780 done (16.0 min): eps=0.6 N=30 beta=2.0 seed=8 random: sizes=[10, 10, 10] converged at t=300
[E3] 750/780 done (16.0 min): eps=0.6 N=30 beta=2.0 seed=9 random: sizes=[10, 10, 10] converged at t=400
[E3] 751/780 done (16.0 min): eps=1.0 N=30 beta=0.5 seed=0 random: sizes=[11, 10, 9] converged at t=200
[E3] 752/780 done (16.0 min): eps=1.0 N=30 beta=0.5 seed=2 random: sizes=[11, 10, 9] converged at t=200
[E3] 753/780 done (16.0 min): eps=1.0 N=30 beta=0.5 seed=1 random: sizes=[10, 10, 10] converged at t=200
[E3] 754/780 done (16.0 min): eps=1.0 N=30 beta=0.5 seed=4 random: sizes=[10, 10, 10] converged at t=200
[E3] 755/780 done (16.0 min): eps=1.0 N=30 beta=0.5 seed=3 random: sizes=[10, 10, 10] converged at t=300
[E3] 756/780 done (16.0 min): eps=1.0 N=30 beta=0.5 seed=6 random: sizes=[10, 10, 10] converged at t=200
[E3] 757/780 done (16.0 min): eps=1.0 N=30 beta=0.5 seed=5 random: sizes=[11, 10, 9] converged at t=300
[E3] 758/780 done (16.0 min): eps=1.0 N=30 beta=0.5 seed=7 random: sizes=[11, 10, 9] converged at t=300
[E3] 759/780 done (16.0 min): eps=1.0 N=30 beta=0.5 seed=8 random: sizes=[11, 10, 9] converged at t=300
[E3] 760/780 done (16.0 min): eps=1.0 N=30 beta=0.5 seed=9 random: sizes=[10, 10, 10] converged at t=200
[E3] 761/780 done (16.0 min): eps=1.0 N=30 beta=1.0 seed=0 random: sizes=[11, 10, 9] converged at t=200
[E3] 762/780 done (16.0 min): eps=1.0 N=30 beta=1.0 seed=1 random: sizes=[11, 10, 9] converged at t=200
[E3] 763/780 done (16.0 min): eps=1.0 N=30 beta=1.0 seed=2 random: sizes=[11, 10, 9] converged at t=200
[E3] 764/780 done (16.0 min): eps=1.0 N=30 beta=1.0 seed=4 random: sizes=[11, 10, 9] converged at t=200
[E3] 765/780 done (16.0 min): eps=1.0 N=30 beta=1.0 seed=3 random: sizes=[10, 10, 10] converged at t=400
[E3] 766/780 done (16.0 min): eps=1.0 N=30 beta=1.0 seed=5 random: sizes=[11, 10, 9] converged at t=300
[E3] 767/780 done (16.0 min): eps=1.0 N=30 beta=1.0 seed=6 random: sizes=[10, 10, 10] converged at t=200
[E3] 768/780 done (16.0 min): eps=1.0 N=30 beta=1.0 seed=7 random: sizes=[11, 10, 9] converged at t=300
[E3] 769/780 done (16.0 min): eps=1.0 N=30 beta=1.0 seed=8 random: sizes=[11, 10, 9] converged at t=300
[E3] 770/780 done (16.0 min): eps=1.0 N=30 beta=1.0 seed=9 random: sizes=[11, 10, 9] converged at t=200
[E3] 771/780 done (16.0 min): eps=1.0 N=30 beta=2.0 seed=1 random: sizes=[10, 10, 10] converged at t=200
[E3] 772/780 done (16.0 min): eps=1.0 N=30 beta=2.0 seed=0 random: sizes=[11, 10, 9] converged at t=300
[E3] 773/780 done (16.0 min): eps=1.0 N=30 beta=2.0 seed=3 random: sizes=[10, 10, 10] converged at t=200
[E3] 774/780 done (16.0 min): eps=1.0 N=30 beta=2.0 seed=2 random: sizes=[12, 9, 9] converged at t=600
[E3] 775/780 done (16.0 min): eps=1.0 N=30 beta=2.0 seed=4 random: sizes=[11, 10, 9] converged at t=300
[E3] 776/780 done (16.0 min): eps=1.0 N=30 beta=2.0 seed=6 random: sizes=[10, 10, 10] converged at t=200
[E3] 777/780 done (16.0 min): eps=1.0 N=30 beta=2.0 seed=5 random: sizes=[11, 10, 9] converged at t=300
[E3] 778/780 done (16.0 min): eps=1.0 N=30 beta=2.0 seed=7 random: sizes=[11, 10, 9] converged at t=300
[E3] 779/780 done (16.0 min): eps=1.0 N=30 beta=2.0 seed=8 random: sizes=[12, 9, 9] converged at t=500
[E3] 780/780 done (16.0 min): eps=1.0 N=30 beta=2.0 seed=9 random: sizes=[11, 10, 9] converged at t=300

SUMMARY
random starts: 720 runs; three tight clusters: 694
  eps=0.1: 172/180 converged to 3 clusters; median t_conv=4200; end states (k_dominant): {3: 180}
  eps=0.3: 165/180 converged to 3 clusters; median t_conv=800; end states (k_dominant): {3: 180}
  eps=0.6: 177/180 converged to 3 clusters; median t_conv=300; end states (k_dominant): {3: 180}
  eps=1.0: 180/180 converged to 3 clusters; median t_conv=200; end states (k_dominant): {3: 180}
  N=30: cluster sizes of converged runs: {(10, 10, 10): 100, (11, 10, 9): 18, (12, 9, 9): 2}
  N=60: cluster sizes of converged runs: {(20, 20, 20): 57, (21, 20, 19): 53, (22, 19, 19): 5, (22, 20, 18): 2, (21, 21, 18): 1}
  N=61: cluster sizes of converged runs: {(22, 20, 19): 22, (21, 20, 20): 81, (24, 20, 17): 2, (25, 20, 16): 1, (23, 20, 18): 3, (21, 21, 19): 9, (22, 21, 18): 2}
  N=90: cluster sizes of converged runs: {(30, 30, 30): 46, (31, 30, 29): 47, (32, 30, 28): 7, (32, 29, 29): 3, (31, 31, 28): 3}
  N=100: cluster sizes of converged runs: {(35, 34, 31): 5, (34, 34, 32): 34, (36, 33, 31): 3, (34, 33, 33): 63, (35, 33, 32): 10}
  N=150: cluster sizes of converged runs: {(50, 50, 50): 43, (55, 48, 47): 1, (54, 49, 47): 1, (51, 50, 49): 50, (51, 51, 48): 9, (53, 49, 48): 3, (52, 49, 49): 2, (52, 51, 47): 2, (52, 50, 48): 4}
  start=cap: 20/20 converged; end states: {3: 20}
  start=pole: 20/20 converged; end states: {3: 20}
  start=ring: 20/20 converged; end states: {3: 20}
not converged: 26 runs
  eps=0.1 N=150 beta=0.5 seed=2 random sizes=[50, 50, 49, 1]
  eps=0.1 N=150 beta=1.0 seed=1 random sizes=[51, 50, 49]
  eps=0.1 N=150 beta=1.0 seed=2 random sizes=[51, 50, 48, 1]
  eps=0.1 N=150 beta=1.0 seed=3 random sizes=[50, 50, 49, 1]
  eps=0.1 N=150 beta=2.0 seed=2 random sizes=[50, 50, 49, 1]
  eps=0.1 N=100 beta=1.0 seed=1 random sizes=[34, 33, 32, 1]
  eps=0.1 N=100 beta=2.0 seed=4 random sizes=[34, 33, 31, 1, 1]
  eps=0.1 N=100 beta=2.0 seed=6 random sizes=[34, 33, 31, 1, 1]
  eps=0.3 N=100 beta=0.5 seed=6 random sizes=[34, 33, 32, 1]
  eps=0.3 N=100 beta=2.0 seed=6 random sizes=[34, 33, 32, 1]
  eps=0.3 N=90 beta=0.5 seed=1 random sizes=[30, 30, 29, 1]
  eps=0.3 N=90 beta=0.5 seed=5 random sizes=[30, 29, 29, 1, 1]
  eps=0.3 N=90 beta=0.5 seed=9 random sizes=[31, 30, 29]
  eps=0.3 N=90 beta=1.0 seed=1 random sizes=[30, 30, 29, 1]
  eps=0.3 N=90 beta=1.0 seed=3 random sizes=[30, 30, 29, 1]
  eps=0.3 N=90 beta=1.0 seed=4 random sizes=[30, 30, 29, 1]
  eps=0.3 N=90 beta=1.0 seed=5 random sizes=[30, 30, 29, 1]
  eps=0.3 N=90 beta=1.0 seed=8 random sizes=[30, 30, 29, 1]
  eps=0.3 N=90 beta=2.0 seed=3 random sizes=[31, 29, 29, 1]
  eps=0.3 N=90 beta=2.0 seed=6 random sizes=[30, 30, 29, 1]
  eps=0.3 N=90 beta=2.0 seed=9 random sizes=[31, 30, 29]
  eps=0.6 N=90 beta=0.5 seed=1 random sizes=[31, 31, 28]
  eps=0.6 N=90 beta=1.0 seed=0 random sizes=[31, 31, 28]
  eps=0.6 N=90 beta=2.0 seed=1 random sizes=[30, 30, 28, 2]
  eps=0.3 N=60 beta=1.0 seed=3 random sizes=[20, 20, 19, 1]
  eps=0.3 N=60 beta=2.0 seed=3 random sizes=[21, 20, 19]

saved results/review/E3_triangle_sweep.json
