3456 runs, 288 heads
model class V     D     |    n 1 cluster  k med  align lam_top>0 | moving speed med
bert- push  full  full  |  120      0.83      1   1.00      0.95 |   0.39   2.3e-07
bert- push  full  sym   |  120      0.82      1   1.00      0.95 |   0.38   2.3e-07
bert- push  sym   full  |  120      0.99      1   1.00      1.00 |   0.03   2.8e-07
bert- push  sym   sym   |  120      0.97      1   1.00      1.00 |   0.03   2.8e-07
bert- push  push  full  |  120      0.00      8   0.00      0.00 |   0.71   5.8e-04
bert- push  push  sym   |  120      0.00     34   0.00      0.00 |   0.64   1.9e-04
bert- pull  full  full  |  168      0.89      1   1.00      1.00 |   0.57   1.0e-02
bert- pull  full  sym   |  168      0.87      1   1.00      1.00 |   0.57   9.9e-03
bert- pull  sym   full  |  168      0.96      1   1.00      1.00 |   0.04   2.9e-07
bert- pull  sym   sym   |  168      0.94      1   1.00      1.00 |   0.05   2.9e-07
bert- pull  push  full  |  168      0.00      4   0.00      0.00 |   0.60   4.0e-04
bert- pull  push  sym   |  168      0.00     10   0.00      0.00 |   0.47   4.9e-05
gpt2  push  full  full  |   92      0.79      1   1.00      0.80 |   0.38   1.9e-07
gpt2  push  full  sym   |   92      0.79      1   1.00      0.80 |   0.30   2.1e-07
gpt2  push  sym   full  |   92      1.00      1   1.00      1.00 |   0.00   2.9e-07
gpt2  push  sym   sym   |   92      1.00      1   1.00      1.00 |   0.00   2.9e-07
gpt2  push  push  full  |   92      0.00     26   0.01      0.00 |   0.87   8.3e-04
gpt2  push  push  sym   |   92      0.00     63   0.01      0.00 |   0.72   4.0e-04
gpt2  pull  full  full  |  196      0.94      1   1.00      1.00 |   0.45   1.6e-06
gpt2  pull  full  sym   |  196      0.93      1   1.00      1.00 |   0.45   2.2e-06
gpt2  pull  sym   full  |  196      0.97      1   1.00      1.00 |   0.01   2.9e-07
gpt2  pull  sym   sym   |  196      0.97      1   1.00      1.00 |   0.01   3.0e-07
gpt2  pull  push  full  |  196      0.00      4   0.00      0.00 |   0.55   1.8e-04
gpt2  pull  push  sym   |  196      0.00     15   0.00      0.00 |   0.46   5.7e-05

paired effect of the antisymmetric part of D (same head, V, start): late speed full D / symmetric D
  bert- V=full  push : n=120  median ratio 1.01  full D faster in 0.57  >10x faster in 0.02
  bert- V=full  pull : n=168  median ratio 1.00  full D faster in 0.47  >10x faster in 0.02
  bert- V=sym   push : n=120  median ratio 1.00  full D faster in 0.53  >10x faster in 0.00
  bert- V=sym   pull : n=168  median ratio 1.00  full D faster in 0.52  >10x faster in 0.00
  bert- V=push  push : n=120  median ratio 1.71  full D faster in 0.68  >10x faster in 0.30
  bert- V=push  pull : n=168  median ratio 1.62  full D faster in 0.73  >10x faster in 0.26
  gpt2  V=full  push : n=92  median ratio 1.00  full D faster in 0.49  >10x faster in 0.13
  gpt2  V=full  pull : n=196  median ratio 1.00  full D faster in 0.53  >10x faster in 0.02
  gpt2  V=sym   push : n=92  median ratio 1.00  full D faster in 0.43  >10x faster in 0.00
  gpt2  V=sym   pull : n=196  median ratio 1.00  full D faster in 0.50  >10x faster in 0.00
  gpt2  V=push  push : n=92  median ratio 3.24  full D faster in 0.79  >10x faster in 0.29
  gpt2  V=push  pull : n=196  median ratio 1.82  full D faster in 0.70  >10x faster in 0.28
