     split  eps |    angles (deg)    Omega    resid |    phase              tilt | max Re other #Re>1e-7
  20/20/20  0.1 |  120.00  240.00 +0.04994  1.5e-16 |  9.9e-10 +2e-16+0.0499i |   -1.248e-03        0
/Users/linmuyi/code/TransformerDynamics/export/verification/unequal_triangle_check.py:43: RuntimeWarning: xtol=0.000000 is too small, no further improvement in the approximate
 solution is possible.
  a = fsolve(lambda a: rates(a)[1:] - rates(a)[0], [2 * np.pi / 3, 4 * np.pi / 3], xtol=1e-14)
  21/20/19  0.1 |  125.09  240.61 +0.04958  2.8e-16 |  9.0e-10 +9e-17+0.0496i |   +3.889e-03       76
  21/21/18  0.1 |  129.08  246.06 +0.04892  4.9e-17 |  4.7e-10 +3e-16+0.0489i |   +1.601e-02       40
  22/20/18  0.1 |  129.86  240.77 +0.04855  1.1e-16 |  1.5e-09 +1e-16+0.0486i |   +1.011e-02       76
  24/20/16  0.1 |  138.69  239.59 +0.04458  1.9e-16 |  1.9e-09 -4e-16+0.0446i |   +2.109e-02       76
  26/20/14  0.1 |  147.01  235.91 +0.03796  3.1e-16 |  2.2e-09 -2e-15+0.0380i |   +3.599e-02       76
  30/20/10  0.1 |  168.82  204.21 +0.00778  4.0e-17 |  4.7e-10 -4e-15+0.0078i |   +5.152e-02       76
   36/16/8  0.1 |  180.00  180.00 +0.00000  1.2e-16 |  2.7e-16 -4e-16+0.0000i |   +2.000e-01       70
   40/15/5  0.1 |  180.00  180.00 +0.00000  1.2e-16 |  1.5e-15 -2e-15+0.0000i |   +3.333e-01       78
    50/6/4  0.1 |  180.00  180.00 +0.00000  1.2e-16 |  4.0e-15 -7e-15+0.0000i |   +6.667e-01       98

  20/20/20  0.3 |  120.00  240.00 +0.14834  1.9e-16 |  1.4e-09 +1e-16+0.1483i |   -1.106e-02        0
  21/20/19  0.3 |  124.96  242.04 +0.14747  3.9e-16 |  1.6e-09 +4e-17+0.1475i |   +6.924e-03       20
  21/21/18  0.3 |  127.94  247.79 +0.14554  9.4e-16 |  4.1e-09 +1e-16+0.1455i |   +2.978e-02       40
  22/20/18  0.3 |  129.52  243.86 +0.14508  6.4e-16 |  8.1e-10 -3e-16+0.1451i |   +2.476e-02       42
  24/20/16  0.3 |  137.68  246.94 +0.13671  6.9e-16 |  4.2e-09 -7e-16+0.1367i |   +5.971e-02       61
  26/20/14  0.3 |  144.85  249.29 +0.12467  1.5e-16 |  2.7e-09 -2e-15+0.1247i |   +9.797e-02       76
  30/20/10  0.3 |  157.18  251.22 +0.09286  1.2e-16 |  1.6e-09 -6e-15+0.0929i |   +1.596e-01       76
   36/16/8  0.3 |  180.00  180.00 +0.00000  1.2e-16 |  3.5e-16 -3e-15+0.0000i |   +2.000e-01       70
   40/15/5  0.3 |  180.00  180.00 -0.00000  1.5e-16 |  1.6e-15 -1e-14+0.0000i |   +3.333e-01       78
    50/6/4  0.3 |  180.00  180.00 +0.00000  1.2e-16 |  7.1e-15 -4e-14+0.0000i |   +6.667e-01       98

  20/20/20  0.6 |  120.00  240.00 +0.28724  3.3e-16 |  2.5e-09 -3e-15+0.2872i |   -4.214e-02        0
  21/20/19  0.6 |  123.94  242.88 +0.28613  3.3e-16 |  1.7e-09 -3e-15+0.2861i |   -8.585e-03        0
  21/21/18  0.6 |  125.45  247.58 +0.28336  4.4e-16 |  9.4e-10 -3e-15+0.2834i |   +2.417e-02       20
  22/20/18  0.6 |  127.64  245.85 +0.28292  2.8e-16 |  4.8e-09 -3e-15+0.2829i |   +2.551e-02       21
  24/20/16  0.6 |  134.52  252.25 +0.27059  2.2e-16 |  1.3e-09 -3e-15+0.2706i |   +9.516e-02       46
  26/20/14  0.6 |  141.11  259.70 +0.24992  8.3e-17 |  2.7e-09 -3e-15+0.2499i |   +1.662e-01       50
  30/20/10  0.6 |  154.85  279.73 +0.17648  1.1e-16 |  6.1e-10 +8e-15+0.1765i |   +3.523e-01       58
   36/16/8  0.6 |  160.82  260.31 +0.15617  8.3e-17 |  7.3e-10 -9e-15+0.1562i |   +3.327e-01       70
   40/15/5  0.6 |  168.43  260.71 +0.10031  8.3e-17 |  1.6e-09 -1e-14+0.1003i |   +4.092e-01       86
    50/6/4  0.6 |  180.00  180.00 +0.00000  1.2e-16 |  7.1e-15 -2e-13+0.0000i |   +6.667e-01       98

  20/20/20  1.0 |  120.00  240.00 +0.44619  4.4e-16 |  4.7e-09 -2e-14+0.4462i |   -1.051e-01        0
  21/20/19  1.0 |  122.57  242.62 +0.44526  2.2e-16 |  1.7e-09 -2e-14+0.4453i |   -6.429e-02        0
  21/21/18  1.0 |  122.92  245.62 +0.44304  3.2e-15 |  5.2e-09 -2e-14+0.4430i |   -3.210e-02        0
  22/20/18  1.0 |  125.06  245.40 +0.44242  5.0e-16 |  7.6e-09 -2e-14+0.4424i |   -2.213e-02        0
  24/20/16  1.0 |  129.97  251.66 +0.43031  8.9e-16 |  1.0e-10 -2e-14+0.4303i |   +6.727e-02       23
  26/20/14  1.0 |  135.18  259.40 +0.40668  4.4e-16 |  1.3e-10 -2e-14+0.4067i |   +1.652e-01       50
  30/20/10  1.0 |  150.45  285.85 +0.28005  1.1e-16 |  2.3e-09 -9e-15+0.2801i |   +4.564e-01       58
   36/16/8  1.0 |  158.35  288.83 +0.22796  1.1e-16 |  1.6e-09 +1e-14+0.2280i |   +5.184e-01       70
   40/15/5  1.0 |  169.85  307.64 +0.10256  1.1e-16 |  4.0e-09 +6e-14+0.1026i |   +6.030e-01       78
    50/6/4  1.0 |  180.00  180.00 +0.00000  1.2e-16 |  7.1e-15 -4e-13+0.0000i |   +6.667e-01       98

saved results/review/E9_unequal_triangle.json
